******************************************************************************
                  TI ARM Linker PC v5.2.5                      
******************************************************************************
>> Linked Fri Apr 15 00:43:33 2016

OUTPUT FILE NAME:   <lab1.out>
ENTRY POINT SYMBOL: "_c_int00"  address: 00000b99


MEMORY CONFIGURATION

         name            origin    length      used     unused   attr    fill
----------------------  --------  ---------  --------  --------  ----  --------
  FLASH                 00000000   00040000  00000f2c  0003f0d4  R  X
  SRAM                  20000000   00008000  00000214  00007dec  RW X


SEGMENT ALLOCATION MAP

run origin  load origin   length   init length attrs members
----------  ----------- ---------- ----------- ----- -------
00000000    00000000    00000f30   00000f30    r-x
  00000000    00000000    0000026c   0000026c    r-- .intvecs
  0000026c    0000026c    00000ba4   00000ba4    r-x .text
  00000e10    00000e10    000000fc   000000fc    r-- .const
  00000f10    00000f10    00000020   00000020    r-- .cinit
20000000    20000000    00000214   00000000    rw-
  20000000    20000000    00000200   00000000    rw- .stack
  20000200    20000200    00000014   00000000    rw- .data


SECTION ALLOCATION MAP

 output                                  attributes/
section   page    origin      length       input sections
--------  ----  ----------  ----------   ----------------
.intvecs   0    00000000    0000026c     
                  00000000    0000026c     tm4c123gh6pm_startup_ccs.obj (.intvecs)

.text      0    0000026c    00000ba4     
                  0000026c    00000404     lab-0.obj (.text)
                  00000670    00000132     driverlib.lib : gpio.obj (.text:GPIOPadConfigSet)
                  000007a2    00000002     --HOLE-- [fill = 0]
                  000007a4    00000110                   : sysctl.obj (.text:SysCtlClockGet)
                  000008b4    000000f4                   : sysctl.obj (.text:SysCtlClockSet)
                  000009a8    0000009c     rtsv7M4_T_le_v4SPD16_eabi.lib : memcpy_t2.obj (.text)
                  00000a44    0000007a                                   : memset_t2.obj (.text)
                  00000abe    00000002     --HOLE-- [fill = 0]
                  00000ac0    0000006c                                   : autoinit.obj (.text)
                  00000b2c    0000006a                                   : copy_decompress_rle.obj (.text)
                  00000b96    00000002     --HOLE-- [fill = 0]
                  00000b98    00000050                                   : boot.obj (.text)
                  00000be8    0000004c                                   : cpy_tbl.obj (.text)
                  00000c34    00000048     driverlib.lib : gpio.obj (.text:GPIOPinConfigure)
                  00000c7c    00000044     rtsv7M4_T_le_v4SPD16_eabi.lib : exit.obj (.text)
                  00000cc0    00000034     driverlib.lib : sysctl.obj (.text:SysCtlPeripheralEnable)
                  00000cf4    0000002a                   : gpio.obj (.text:GPIODirModeSet)
                  00000d1e    00000022                   : pwm.obj (.text:PWMGenConfigure)
                  00000d40    0000001e                   : pwm.obj (.text:PWMPulseWidthSet)
                  00000d5e    00000002     --HOLE-- [fill = 0]
                  00000d60    00000018     rtsv7M4_T_le_v4SPD16_eabi.lib : args_main.obj (.text)
                  00000d78    00000014     driverlib.lib : sysctl.obj (.text:SysCtlPWMClockSet)
                  00000d8c    00000014     rtsv7M4_T_le_v4SPD16_eabi.lib : _lock.obj (.text)
                  00000da0    00000012     driverlib.lib : gpio.obj (.text:GPIOPinTypePWM)
                  00000db2    00000012                   : pwm.obj (.text:PWMOutputState)
                  00000dc4    00000010                   : pwm.obj (.text:PWMGenPeriodSet)
                  00000dd4    0000000e     rtsv7M4_T_le_v4SPD16_eabi.lib : copy_decompress_none.obj (.text:decompress:none)
                  00000de2    0000000c     driverlib.lib : pwm.obj (.text:PWMGenEnable)
                  00000dee    0000000c     tm4c123gh6pm_startup_ccs.obj (.text)
                  00000dfa    00000006     driverlib.lib : gpio.obj (.text:GPIOPinRead)
                  00000e00    00000006                   : sysctl.obj (.text:SysCtlDelay)
                  00000e06    00000006     rtsv7M4_T_le_v4SPD16_eabi.lib : copy_decompress_rle.obj (.text:decompress:rle24)
                  00000e0c    00000004                                   : pre_init.obj (.text)

.const     0    00000e10    000000fc     
                  00000e10    00000090     driverlib.lib : gpio.obj (.const:g_pui32GPIOBaseAddrs)
                  00000ea0    0000006c                   : sysctl.obj (.const:g_pui32Xtals)

.cinit     0    00000f10    00000020     
                  00000f10    0000000f     (.cinit..data.load) [load image, compression = rle]
                  00000f1f    00000001     --HOLE-- [fill = 0]
                  00000f20    00000008     (__TI_handler_table)
                  00000f28    00000008     (__TI_cinit_table)

.init_array 
*          0    00000000    00000000     UNINITIALIZED

.stack     0    20000000    00000200     UNINITIALIZED
                  20000000    00000200     --HOLE--

.data      0    20000200    00000014     UNINITIALIZED
                  20000200    00000008     rtsv7M4_T_le_v4SPD16_eabi.lib : _lock.obj (.data)
                  20000208    00000008                                   : exit.obj (.data)
                  20000210    00000004                                   : stkdepth_vars.obj (.data)

.TI.persistent 
*          0    20000200    00000000     UNINITIALIZED


LINKER GENERATED COPY TABLES

__TI_cinit_table @ 00000f28 records: 1, size/record: 8, table size: 8
	.data: load addr=00000f10, load size=0000000f bytes, run addr=20000200, run size=00000014 bytes, compression=rle


LINKER GENERATED HANDLER TABLE

__TI_handler_table @ 00000f20 records: 2, size/record: 4, table size: 8
	index: 0, handler: __TI_decompress_rle24
	index: 1, handler: __TI_decompress_none


GLOBAL SYMBOLS: SORTED ALPHABETICALLY BY Name 

address   name                    
-------   ----                    
00000c7d  C$$EXIT                 
00000cf5  GPIODirModeSet          
00000671  GPIOPadConfigSet        
00000c35  GPIOPinConfigure        
00000dfb  GPIOPinRead             
00000da1  GPIOPinTypePWM          
00000d1f  PWMGenConfigure         
00000de3  PWMGenEnable            
00000dc5  PWMGenPeriodSet         
00000db3  PWMOutputState          
00000d41  PWMPulseWidthSet        
00000def  ResetISR                
UNDEFED   SHT$$INIT_ARRAY$$Base   
UNDEFED   SHT$$INIT_ARRAY$$Limit  
000007a5  SysCtlClockGet          
000008b5  SysCtlClockSet          
00000e01  SysCtlDelay             
00000d79  SysCtlPWMClockSet       
00000cc1  SysCtlPeripheralEnable  
20000200  __STACK_END             
00000200  __STACK_SIZE            
20000200  __STACK_TOP             
00000f28  __TI_CINIT_Base         
00000f30  __TI_CINIT_Limit        
00000f20  __TI_Handler_Table_Base 
00000f28  __TI_Handler_Table_Limit
00000ac1  __TI_auto_init          
20000208  __TI_cleanup_ptr        
00000dd5  __TI_decompress_none    
00000e07  __TI_decompress_rle24   
2000020c  __TI_dtors_ptr          
00000000  __TI_static_base__      
00000a45  __aeabi_memclr          
00000a45  __aeabi_memclr4         
00000a45  __aeabi_memclr8         
000009a9  __aeabi_memcpy          
000009a9  __aeabi_memcpy4         
000009a9  __aeabi_memcpy8         
00000a47  __aeabi_memset          
00000a47  __aeabi_memset4         
00000a47  __aeabi_memset8         
ffffffff  __binit__               
ffffffff  __c_args__              
20000000  __stack                 
00000d61  _args_main              
00000b99  _c_int00                
20000200  _lock                   
00000d9b  _nop                    
00000d93  _register_lock          
00000d8d  _register_unlock        
00000e0d  _system_pre_init        
20000204  _unlock                 
00000c81  abort                   
ffffffff  binit                   
00000be9  copy_in                 
00000c89  exit                    
00000000  g_pfnVectors            
0000026d  main                    
20000210  main_func_sp            
000009a9  memcpy                  
00000a4d  memset                  


GLOBAL SYMBOLS: SORTED BY Symbol Address 

address   name                    
-------   ----                    
00000000  __TI_static_base__      
00000000  g_pfnVectors            
00000200  __STACK_SIZE            
0000026d  main                    
00000671  GPIOPadConfigSet        
000007a5  SysCtlClockGet          
000008b5  SysCtlClockSet          
000009a9  __aeabi_memcpy          
000009a9  __aeabi_memcpy4         
000009a9  __aeabi_memcpy8         
000009a9  memcpy                  
00000a45  __aeabi_memclr          
00000a45  __aeabi_memclr4         
00000a45  __aeabi_memclr8         
00000a47  __aeabi_memset          
00000a47  __aeabi_memset4         
00000a47  __aeabi_memset8         
00000a4d  memset                  
00000ac1  __TI_auto_init          
00000b99  _c_int00                
00000be9  copy_in                 
00000c35  GPIOPinConfigure        
00000c7d  C$$EXIT                 
00000c81  abort                   
00000c89  exit                    
00000cc1  SysCtlPeripheralEnable  
00000cf5  GPIODirModeSet          
00000d1f  PWMGenConfigure         
00000d41  PWMPulseWidthSet        
00000d61  _args_main              
00000d79  SysCtlPWMClockSet       
00000d8d  _register_unlock        
00000d93  _register_lock          
00000d9b  _nop                    
00000da1  GPIOPinTypePWM          
00000db3  PWMOutputState          
00000dc5  PWMGenPeriodSet         
00000dd5  __TI_decompress_none    
00000de3  PWMGenEnable            
00000def  ResetISR                
00000dfb  GPIOPinRead             
00000e01  SysCtlDelay             
00000e07  __TI_decompress_rle24   
00000e0d  _system_pre_init        
00000f20  __TI_Handler_Table_Base 
00000f28  __TI_CINIT_Base         
00000f28  __TI_Handler_Table_Limit
00000f30  __TI_CINIT_Limit        
20000000  __stack                 
20000200  __STACK_END             
20000200  __STACK_TOP             
20000200  _lock                   
20000204  _unlock                 
20000208  __TI_cleanup_ptr        
2000020c  __TI_dtors_ptr          
20000210  main_func_sp            
ffffffff  __binit__               
ffffffff  __c_args__              
ffffffff  binit                   
UNDEFED   SHT$$INIT_ARRAY$$Base   
UNDEFED   SHT$$INIT_ARRAY$$Limit  

[61 symbols]
