******************************************************************************
                  TI ARM Linker PC v5.2.5                      
******************************************************************************
>> Linked Wed Feb 17 15:15:46 2016

OUTPUT FILE NAME:   <lab4-2.out>
ENTRY POINT SYMBOL: "_c_int00"  address: 00000c45


MEMORY CONFIGURATION

         name            origin    length      used     unused   attr    fill
----------------------  --------  ---------  --------  --------  ----  --------
  FLASH                 00000000   00040000  0000126f  0003ed91  R  X
  SRAM                  20000000   00008000  00000224  00007ddc  RW X


SEGMENT ALLOCATION MAP

run origin  load origin   length   init length attrs members
----------  ----------- ---------- ----------- ----- -------
00000000    00000000    00001278   00001278    r-x
  00000000    00000000    0000026c   0000026c    r-- .intvecs
  0000026c    0000026c    00000d7e   00000d7e    r-x .text
  00000fec    00000fec    0000024d   0000024d    r-- .const
  00001240    00001240    00000038   00000038    r-- .cinit
20000000    20000000    00000224   00000000    rw-
  20000000    20000000    00000200   00000000    rw- .stack
  20000200    20000200    00000014   00000000    rw- .data
  20000214    20000214    00000010   00000000    rw- .bss


SECTION ALLOCATION MAP

 output                                  attributes/
section   page    origin      length       input sections
--------  ----  ----------  ----------   ----------------
.intvecs   0    00000000    0000026c     
                  00000000    0000026c     tm4c123gh6pm_startup_ccs.obj (.intvecs)

.text      0    0000026c    00000d7e     
                  0000026c    000003d0     main.obj (.text)
                  0000063c    00000132     driverlib.lib : gpio.obj (.text:GPIOPadConfigSet)
                  0000076e    00000002     --HOLE-- [fill = 0]
                  00000770    00000110                   : sysctl.obj (.text:SysCtlClockGet)
                  00000880    000000f4                   : sysctl.obj (.text:SysCtlClockSet)
                  00000974    0000009c     rtsv7M4_T_le_v4SPD16_eabi.lib : memcpy_t2.obj (.text)
                  00000a10    0000007a     driverlib.lib : adc.obj (.text:ADCSequenceStepConfigure)
                  00000a8a    0000007a     rtsv7M4_T_le_v4SPD16_eabi.lib : memset_t2.obj (.text)
                  00000b04    0000006c                                   : autoinit.obj (.text)
                  00000b70    0000006a                                   : copy_decompress_rle.obj (.text)
                  00000bda    00000002     --HOLE-- [fill = 0]
                  00000bdc    00000068     driverlib.lib : interrupt.obj (.text:IntEnable)
                  00000c44    00000050     rtsv7M4_T_le_v4SPD16_eabi.lib : boot.obj (.text)
                  00000c94    0000004c                                   : cpy_tbl.obj (.text)
                  00000ce0    00000048     driverlib.lib : gpio.obj (.text:GPIOPinConfigure)
                  00000d28    00000046                   : uart.obj (.text:UARTConfigSetExpClk)
                  00000d6e    00000002     --HOLE-- [fill = 0]
                  00000d70    00000044     rtsv7M4_T_le_v4SPD16_eabi.lib : exit.obj (.text)
                  00000db4    0000003e     driverlib.lib : adc.obj (.text:ADCSequenceConfigure)
                  00000df2    00000002     --HOLE-- [fill = 0]
                  00000df4    00000034                   : sysctl.obj (.text:SysCtlPeripheralEnable)
                  00000e28    0000002e                   : adc.obj (.text:ADCIntStatus)
                  00000e56    0000002a                   : gpio.obj (.text:GPIODirModeSet)
                  00000e80    00000020                   : uart.obj (.text:UARTDisable)
                  00000ea0    0000001e                   : adc.obj (.text:ADCSequenceDataGet)
                  00000ebe    00000018                   : adc.obj (.text:ADCProcessorTrigger)
                  00000ed6    00000018                   : gpio.obj (.text:GPIOPinTypeGPIOOutput)
                  00000eee    00000002     --HOLE-- [fill = 0]
                  00000ef0    00000018     rtsv7M4_T_le_v4SPD16_eabi.lib : args_main.obj (.text)
                  00000f08    00000014     driverlib.lib : uart.obj (.text:UARTEnable)
                  00000f1c    00000014     rtsv7M4_T_le_v4SPD16_eabi.lib : _lock.obj (.text)
                  00000f30    00000012     driverlib.lib : gpio.obj (.text:GPIOPinTypeUART)
                  00000f42    00000010                   : interrupt.obj (.text:IntMasterEnable)
                  00000f52    0000000e                   : adc.obj (.text:ADCSequenceEnable)
                  00000f60    0000000e                   : uart.obj (.text:UARTCharsAvail)
                  00000f6e    0000000e     rtsv7M4_T_le_v4SPD16_eabi.lib : copy_decompress_none.obj (.text:decompress:none)
                  00000f7c    0000000c     driverlib.lib : cpu.obj (.text:CPUcpsie)
                  00000f88    0000000c     rtsv7M4_T_le_v4SPD16_eabi.lib : copy_zero_init.obj (.text:decompress:ZI)
                  00000f94    0000000c     tm4c123gh6pm_startup_ccs.obj (.text)
                  00000fa0    0000000a     driverlib.lib : adc.obj (.text:ADCIntClear)
                  00000faa    0000000a                   : uart.obj (.text:UARTCharGet)
                  00000fb4    0000000a                   : uart.obj (.text:UARTCharPut)
                  00000fbe    0000000a                   : uart.obj (.text:UARTIntStatus)
                  00000fc8    00000008                   : uart.obj (.text:UARTIntEnable)
                  00000fd0    00000006                   : gpio.obj (.text:GPIOPinWrite)
                  00000fd6    00000006                   : sysctl.obj (.text:SysCtlDelay)
                  00000fdc    00000006     rtsv7M4_T_le_v4SPD16_eabi.lib : copy_decompress_rle.obj (.text:decompress:rle24)
                  00000fe2    00000004     driverlib.lib : uart.obj (.text:UARTIntClear)
                  00000fe6    00000004     rtsv7M4_T_le_v4SPD16_eabi.lib : pre_init.obj (.text)

.const     0    00000fec    0000024d     
                  00000fec    00000090     driverlib.lib : gpio.obj (.const:g_pui32GPIOBaseAddrs)
                  0000107c    00000070                   : interrupt.obj (.const)
                  000010ec    0000006c                   : sysctl.obj (.const:g_pui32Xtals)
                  00001158    00000064     main.obj (.const:.string:$P$T1$2)
                  000011bc    00000064     main.obj (.const:.string:$P$T2$3)
                  00001220    00000019     main.obj (.const:.string)

.cinit     0    00001240    00000038     
                  00001240    0000000f     (.cinit..data.load) [load image, compression = rle]
                  0000124f    00000001     --HOLE-- [fill = 0]
                  00001250    0000000c     (__TI_handler_table)
                  0000125c    00000004     --HOLE-- [fill = 0]
                  00001260    00000008     (.cinit..bss.load) [load image, compression = zero_init]
                  00001268    00000010     (__TI_cinit_table)

.init_array 
*          0    00000000    00000000     UNINITIALIZED

.stack     0    20000000    00000200     UNINITIALIZED
                  20000000    00000200     --HOLE--

.data      0    20000200    00000014     UNINITIALIZED
                  20000200    00000008     rtsv7M4_T_le_v4SPD16_eabi.lib : _lock.obj (.data)
                  20000208    00000008                                   : exit.obj (.data)
                  20000210    00000004                                   : stkdepth_vars.obj (.data)

.bss       0    20000214    00000010     UNINITIALIZED
                  20000214    00000004     (.common:ui32TempAvg)
                  20000218    00000004     (.common:ui32TempSet)
                  2000021c    00000004     (.common:ui32TempValueC)
                  20000220    00000004     (.common:ui32TempValueF)

.TI.persistent 
*          0    20000200    00000000     UNINITIALIZED

.TI.noinit 
*          0    20000214    00000000     UNINITIALIZED


LINKER GENERATED COPY TABLES

__TI_cinit_table @ 00001268 records: 2, size/record: 8, table size: 16
	.data: load addr=00001240, load size=0000000f bytes, run addr=20000200, run size=00000014 bytes, compression=rle
	.bss: load addr=00001260, load size=00000008 bytes, run addr=20000214, run size=00000010 bytes, compression=zero_init


LINKER GENERATED HANDLER TABLE

__TI_handler_table @ 00001250 records: 3, size/record: 4, table size: 12
	index: 0, handler: __TI_decompress_rle24
	index: 1, handler: __TI_decompress_none
	index: 2, handler: __TI_zero_init


GLOBAL SYMBOLS: SORTED ALPHABETICALLY BY Name 

address   name                    
-------   ----                    
00000fa1  ADCIntClear             
00000e29  ADCIntStatus            
00000ebf  ADCProcessorTrigger     
00000db5  ADCSequenceConfigure    
00000ea1  ADCSequenceDataGet      
00000f53  ADCSequenceEnable       
00000a11  ADCSequenceStepConfigure
00000d71  C$$EXIT                 
00000f7d  CPUcpsie                
00000e57  GPIODirModeSet          
0000063d  GPIOPadConfigSet        
00000ce1  GPIOPinConfigure        
00000ed7  GPIOPinTypeGPIOOutput   
00000f31  GPIOPinTypeUART         
00000fd1  GPIOPinWrite            
00000bdd  IntEnable               
00000f43  IntMasterEnable         
00000f95  ResetISR                
UNDEFED   SHT$$INIT_ARRAY$$Base   
UNDEFED   SHT$$INIT_ARRAY$$Limit  
00000771  SysCtlClockGet          
00000881  SysCtlClockSet          
00000fd7  SysCtlDelay             
00000df5  SysCtlPeripheralEnable  
00000fab  UARTCharGet             
00000fb5  UARTCharPut             
00000f61  UARTCharsAvail          
00000d29  UARTConfigSetExpClk     
00000e81  UARTDisable             
00000f09  UARTEnable              
00000fe3  UARTIntClear            
00000fc9  UARTIntEnable           
000003cb  UARTIntHandler          
00000fbf  UARTIntStatus           
20000200  __STACK_END             
00000200  __STACK_SIZE            
20000200  __STACK_TOP             
00001268  __TI_CINIT_Base         
00001278  __TI_CINIT_Limit        
00001250  __TI_Handler_Table_Base 
0000125c  __TI_Handler_Table_Limit
00000b05  __TI_auto_init          
20000208  __TI_cleanup_ptr        
00000f6f  __TI_decompress_none    
00000fdd  __TI_decompress_rle24   
2000020c  __TI_dtors_ptr          
00000000  __TI_static_base__      
00000f89  __TI_zero_init          
00000a8b  __aeabi_memclr          
00000a8b  __aeabi_memclr4         
00000a8b  __aeabi_memclr8         
00000975  __aeabi_memcpy          
00000975  __aeabi_memcpy4         
00000975  __aeabi_memcpy8         
00000a8d  __aeabi_memset          
00000a8d  __aeabi_memset4         
00000a8d  __aeabi_memset8         
ffffffff  __binit__               
ffffffff  __c_args__              
20000000  __stack                 
00000ef1  _args_main              
00000c45  _c_int00                
20000200  _lock                   
00000f2b  _nop                    
00000f23  _register_lock          
00000f1d  _register_unlock        
00000fe7  _system_pre_init        
20000204  _unlock                 
00000d75  abort                   
ffffffff  binit                   
0000026d  clearscreen             
00000c95  copy_in                 
00000d7d  exit                    
00000000  g_pfnVectors            
000002cb  inputtemp               
00000407  main                    
20000210  main_func_sp            
00000975  memcpy                  
00000a93  memset                  
20000214  ui32TempAvg             
20000218  ui32TempSet             
2000021c  ui32TempValueC          
20000220  ui32TempValueF          


GLOBAL SYMBOLS: SORTED BY Symbol Address 

address   name                    
-------   ----                    
00000000  __TI_static_base__      
00000000  g_pfnVectors            
00000200  __STACK_SIZE            
0000026d  clearscreen             
000002cb  inputtemp               
000003cb  UARTIntHandler          
00000407  main                    
0000063d  GPIOPadConfigSet        
00000771  SysCtlClockGet          
00000881  SysCtlClockSet          
00000975  __aeabi_memcpy          
00000975  __aeabi_memcpy4         
00000975  __aeabi_memcpy8         
00000975  memcpy                  
00000a11  ADCSequenceStepConfigure
00000a8b  __aeabi_memclr          
00000a8b  __aeabi_memclr4         
00000a8b  __aeabi_memclr8         
00000a8d  __aeabi_memset          
00000a8d  __aeabi_memset4         
00000a8d  __aeabi_memset8         
00000a93  memset                  
00000b05  __TI_auto_init          
00000bdd  IntEnable               
00000c45  _c_int00                
00000c95  copy_in                 
00000ce1  GPIOPinConfigure        
00000d29  UARTConfigSetExpClk     
00000d71  C$$EXIT                 
00000d75  abort                   
00000d7d  exit                    
00000db5  ADCSequenceConfigure    
00000df5  SysCtlPeripheralEnable  
00000e29  ADCIntStatus            
00000e57  GPIODirModeSet          
00000e81  UARTDisable             
00000ea1  ADCSequenceDataGet      
00000ebf  ADCProcessorTrigger     
00000ed7  GPIOPinTypeGPIOOutput   
00000ef1  _args_main              
00000f09  UARTEnable              
00000f1d  _register_unlock        
00000f23  _register_lock          
00000f2b  _nop                    
00000f31  GPIOPinTypeUART         
00000f43  IntMasterEnable         
00000f53  ADCSequenceEnable       
00000f61  UARTCharsAvail          
00000f6f  __TI_decompress_none    
00000f7d  CPUcpsie                
00000f89  __TI_zero_init          
00000f95  ResetISR                
00000fa1  ADCIntClear             
00000fab  UARTCharGet             
00000fb5  UARTCharPut             
00000fbf  UARTIntStatus           
00000fc9  UARTIntEnable           
00000fd1  GPIOPinWrite            
00000fd7  SysCtlDelay             
00000fdd  __TI_decompress_rle24   
00000fe3  UARTIntClear            
00000fe7  _system_pre_init        
00001250  __TI_Handler_Table_Base 
0000125c  __TI_Handler_Table_Limit
00001268  __TI_CINIT_Base         
00001278  __TI_CINIT_Limit        
20000000  __stack                 
20000200  __STACK_END             
20000200  __STACK_TOP             
20000200  _lock                   
20000204  _unlock                 
20000208  __TI_cleanup_ptr        
2000020c  __TI_dtors_ptr          
20000210  main_func_sp            
20000214  ui32TempAvg             
20000218  ui32TempSet             
2000021c  ui32TempValueC          
20000220  ui32TempValueF          
ffffffff  __binit__               
ffffffff  __c_args__              
ffffffff  binit                   
UNDEFED   SHT$$INIT_ARRAY$$Base   
UNDEFED   SHT$$INIT_ARRAY$$Limit  

[83 symbols]
