******************************************************************************
                  TI ARM Linker PC v5.2.5                      
******************************************************************************
>> Linked Wed Feb 10 16:17:55 2016

OUTPUT FILE NAME:   <three.out>
ENTRY POINT SYMBOL: "_c_int00"  address: 00000d4d


MEMORY CONFIGURATION

         name            origin    length      used     unused   attr    fill
----------------------  --------  ---------  --------  --------  ----  --------
  FLASH                 00000000   00040000  00001104  0003eefc  R  X
  SRAM                  20000000   00008000  00000223  00007ddd  RW X


SEGMENT ALLOCATION MAP

run origin  load origin   length   init length attrs members
----------  ----------- ---------- ----------- ----- -------
00000000    00000000    00001108   00001108    r-x
  00000000    00000000    0000026c   0000026c    r-- .intvecs
  0000026c    0000026c    00000d64   00000d64    r-x .text
  00000fd0    00000fd0    000000fc   000000fc    r-- .const
  000010d0    000010d0    00000038   00000038    r-- .cinit
20000000    20000000    00000224   00000000    rw-
  20000000    20000000    00000200   00000000    rw- .stack
  20000200    20000200    00000017   00000000    rw- .data
  20000218    20000218    0000000c   00000000    rw- .bss


SECTION ALLOCATION MAP

 output                                  attributes/
section   page    origin      length       input sections
--------  ----  ----------  ----------   ----------------
.intvecs   0    00000000    0000026c     
                  00000000    0000026c     tm4c123gh6pm_startup_ccs.obj (.intvecs)

.text      0    0000026c    00000d64     
                  0000026c    000005b8     lab-3.obj (.text)
                  00000824    00000132     driverlib.lib : gpio.obj (.text:GPIOPadConfigSet)
                  00000956    00000002     --HOLE-- [fill = 0]
                  00000958    00000110                   : sysctl.obj (.text:SysCtlClockGet)
                  00000a68    000000f4                   : sysctl.obj (.text:SysCtlClockSet)
                  00000b5c    0000009c     rtsv7M4_T_le_v4SPD16_eabi.lib : memcpy_t2.obj (.text)
                  00000bf8    0000007a                                   : memset_t2.obj (.text)
                  00000c72    00000002     --HOLE-- [fill = 0]
                  00000c74    0000006c                                   : autoinit.obj (.text)
                  00000ce0    0000006a                                   : copy_decompress_rle.obj (.text)
                  00000d4a    00000002     --HOLE-- [fill = 0]
                  00000d4c    00000050                                   : boot.obj (.text)
                  00000d9c    0000004c                                   : cpy_tbl.obj (.text)
                  00000de8    00000048     driverlib.lib : gpio.obj (.text:GPIOPinConfigure)
                  00000e30    00000044     rtsv7M4_T_le_v4SPD16_eabi.lib : exit.obj (.text)
                  00000e74    00000034     driverlib.lib : sysctl.obj (.text:SysCtlPeripheralEnable)
                  00000ea8    0000002a                   : gpio.obj (.text:GPIODirModeSet)
                  00000ed2    00000022                   : pwm.obj (.text:PWMGenConfigure)
                  00000ef4    0000001e                   : pwm.obj (.text:PWMPulseWidthSet)
                  00000f12    00000002     --HOLE-- [fill = 0]
                  00000f14    00000018     rtsv7M4_T_le_v4SPD16_eabi.lib : args_main.obj (.text)
                  00000f2c    00000014     driverlib.lib : sysctl.obj (.text:SysCtlPWMClockSet)
                  00000f40    00000014     rtsv7M4_T_le_v4SPD16_eabi.lib : _lock.obj (.text)
                  00000f54    00000012     driverlib.lib : gpio.obj (.text:GPIOPinTypePWM)
                  00000f66    00000012                   : pwm.obj (.text:PWMOutputState)
                  00000f78    00000010                   : pwm.obj (.text:PWMGenPeriodSet)
                  00000f88    0000000e     rtsv7M4_T_le_v4SPD16_eabi.lib : copy_decompress_none.obj (.text:decompress:none)
                  00000f96    0000000c     driverlib.lib : pwm.obj (.text:PWMGenEnable)
                  00000fa2    0000000c     rtsv7M4_T_le_v4SPD16_eabi.lib : copy_zero_init.obj (.text:decompress:ZI)
                  00000fae    0000000c     tm4c123gh6pm_startup_ccs.obj (.text)
                  00000fba    00000006     driverlib.lib : gpio.obj (.text:GPIOPinRead)
                  00000fc0    00000006                   : sysctl.obj (.text:SysCtlDelay)
                  00000fc6    00000006     rtsv7M4_T_le_v4SPD16_eabi.lib : copy_decompress_rle.obj (.text:decompress:rle24)
                  00000fcc    00000004                                   : pre_init.obj (.text)

.const     0    00000fd0    000000fc     
                  00000fd0    00000090     driverlib.lib : gpio.obj (.const:g_pui32GPIOBaseAddrs)
                  00001060    0000006c                   : sysctl.obj (.const:g_pui32Xtals)

.cinit     0    000010d0    00000038     
                  000010d0    00000012     (.cinit..data.load) [load image, compression = rle]
                  000010e2    00000002     --HOLE-- [fill = 0]
                  000010e4    0000000c     (__TI_handler_table)
                  000010f0    00000008     (.cinit..bss.load) [load image, compression = zero_init]
                  000010f8    00000010     (__TI_cinit_table)

.init_array 
*          0    00000000    00000000     UNINITIALIZED

.stack     0    20000000    00000200     UNINITIALIZED
                  20000000    00000200     --HOLE--

.data      0    20000200    00000017     UNINITIALIZED
                  20000200    00000008     rtsv7M4_T_le_v4SPD16_eabi.lib : _lock.obj (.data)
                  20000208    00000008                                   : exit.obj (.data)
                  20000210    00000004                                   : stkdepth_vars.obj (.data)
                  20000214    00000003     lab-3.obj (.data)

.bss       0    20000218    0000000c     UNINITIALIZED
                  20000218    00000004     (.common:ui8Adjust1)
                  2000021c    00000004     (.common:ui8Adjust2)
                  20000220    00000004     (.common:ui8Adjust3)

.TI.persistent 
*          0    20000200    00000000     UNINITIALIZED

.TI.noinit 
*          0    20000218    00000000     UNINITIALIZED


LINKER GENERATED COPY TABLES

__TI_cinit_table @ 000010f8 records: 2, size/record: 8, table size: 16
	.data: load addr=000010d0, load size=00000012 bytes, run addr=20000200, run size=00000017 bytes, compression=rle
	.bss: load addr=000010f0, load size=00000008 bytes, run addr=20000218, run size=0000000c bytes, compression=zero_init


LINKER GENERATED HANDLER TABLE

__TI_handler_table @ 000010e4 records: 3, size/record: 4, table size: 12
	index: 0, handler: __TI_decompress_rle24
	index: 1, handler: __TI_decompress_none
	index: 2, handler: __TI_zero_init


GLOBAL SYMBOLS: SORTED ALPHABETICALLY BY Name 

address   name                    
-------   ----                    
00000e31  C$$EXIT                 
00000ea9  GPIODirModeSet          
00000825  GPIOPadConfigSet        
00000de9  GPIOPinConfigure        
00000fbb  GPIOPinRead             
00000f55  GPIOPinTypePWM          
00000ed3  PWMGenConfigure         
00000f97  PWMGenEnable            
00000f79  PWMGenPeriodSet         
00000f67  PWMOutputState          
00000ef5  PWMPulseWidthSet        
00000faf  ResetISR                
UNDEFED   SHT$$INIT_ARRAY$$Base   
UNDEFED   SHT$$INIT_ARRAY$$Limit  
00000959  SysCtlClockGet          
00000a69  SysCtlClockSet          
00000fc1  SysCtlDelay             
00000f2d  SysCtlPWMClockSet       
00000e75  SysCtlPeripheralEnable  
20000200  __STACK_END             
00000200  __STACK_SIZE            
20000200  __STACK_TOP             
000010f8  __TI_CINIT_Base         
00001108  __TI_CINIT_Limit        
000010e4  __TI_Handler_Table_Base 
000010f0  __TI_Handler_Table_Limit
00000c75  __TI_auto_init          
20000208  __TI_cleanup_ptr        
00000f89  __TI_decompress_none    
00000fc7  __TI_decompress_rle24   
2000020c  __TI_dtors_ptr          
00000000  __TI_static_base__      
00000fa3  __TI_zero_init          
00000bf9  __aeabi_memclr          
00000bf9  __aeabi_memclr4         
00000bf9  __aeabi_memclr8         
00000b5d  __aeabi_memcpy          
00000b5d  __aeabi_memcpy4         
00000b5d  __aeabi_memcpy8         
00000bfb  __aeabi_memset          
00000bfb  __aeabi_memset4         
00000bfb  __aeabi_memset8         
ffffffff  __binit__               
ffffffff  __c_args__              
20000000  __stack                 
00000f15  _args_main              
00000d4d  _c_int00                
20000200  _lock                   
00000f4f  _nop                    
00000f47  _register_lock          
00000f41  _register_unlock        
00000fcd  _system_pre_init        
20000204  _unlock                 
00000e35  abort                   
20000214  automode                
ffffffff  binit                   
0000026d  checkswitch             
00000d9d  copy_in                 
00000e3d  exit                    
00000000  g_pfnVectors            
000003f1  main                    
20000210  main_func_sp            
20000216  manmode                 
00000b5d  memcpy                  
00000c01  memset                  
20000215  switchtype              
20000218  ui8Adjust1              
2000021c  ui8Adjust2              
20000220  ui8Adjust3              


GLOBAL SYMBOLS: SORTED BY Symbol Address 

address   name                    
-------   ----                    
00000000  __TI_static_base__      
00000000  g_pfnVectors            
00000200  __STACK_SIZE            
0000026d  checkswitch             
000003f1  main                    
00000825  GPIOPadConfigSet        
00000959  SysCtlClockGet          
00000a69  SysCtlClockSet          
00000b5d  __aeabi_memcpy          
00000b5d  __aeabi_memcpy4         
00000b5d  __aeabi_memcpy8         
00000b5d  memcpy                  
00000bf9  __aeabi_memclr          
00000bf9  __aeabi_memclr4         
00000bf9  __aeabi_memclr8         
00000bfb  __aeabi_memset          
00000bfb  __aeabi_memset4         
00000bfb  __aeabi_memset8         
00000c01  memset                  
00000c75  __TI_auto_init          
00000d4d  _c_int00                
00000d9d  copy_in                 
00000de9  GPIOPinConfigure        
00000e31  C$$EXIT                 
00000e35  abort                   
00000e3d  exit                    
00000e75  SysCtlPeripheralEnable  
00000ea9  GPIODirModeSet          
00000ed3  PWMGenConfigure         
00000ef5  PWMPulseWidthSet        
00000f15  _args_main              
00000f2d  SysCtlPWMClockSet       
00000f41  _register_unlock        
00000f47  _register_lock          
00000f4f  _nop                    
00000f55  GPIOPinTypePWM          
00000f67  PWMOutputState          
00000f79  PWMGenPeriodSet         
00000f89  __TI_decompress_none    
00000f97  PWMGenEnable            
00000fa3  __TI_zero_init          
00000faf  ResetISR                
00000fbb  GPIOPinRead             
00000fc1  SysCtlDelay             
00000fc7  __TI_decompress_rle24   
00000fcd  _system_pre_init        
000010e4  __TI_Handler_Table_Base 
000010f0  __TI_Handler_Table_Limit
000010f8  __TI_CINIT_Base         
00001108  __TI_CINIT_Limit        
20000000  __stack                 
20000200  __STACK_END             
20000200  __STACK_TOP             
20000200  _lock                   
20000204  _unlock                 
20000208  __TI_cleanup_ptr        
2000020c  __TI_dtors_ptr          
20000210  main_func_sp            
20000214  automode                
20000215  switchtype              
20000216  manmode                 
20000218  ui8Adjust1              
2000021c  ui8Adjust2              
20000220  ui8Adjust3              
ffffffff  __binit__               
ffffffff  __c_args__              
ffffffff  binit                   
UNDEFED   SHT$$INIT_ARRAY$$Base   
UNDEFED   SHT$$INIT_ARRAY$$Limit  

[69 symbols]
