******************************************************************************
                  TI ARM Linker PC v5.2.5                      
******************************************************************************
>> Linked Fri Apr 15 01:36:48 2016

OUTPUT FILE NAME:   <lab0.out>
ENTRY POINT SYMBOL: "_c_int00"  address: 00001bfd


MEMORY CONFIGURATION

         name            origin    length      used     unused   attr    fill
----------------------  --------  ---------  --------  --------  ----  --------
  FLASH                 00000000   00040000  000023f3  0003dc0d  R  X
  SRAM                  20000000   00008000  00000614  000079ec  RW X


SEGMENT ALLOCATION MAP

run origin  load origin   length   init length attrs members
----------  ----------- ---------- ----------- ----- -------
00000000    00000000    000023f8   000023f8    r-x
  00000000    00000000    0000026c   0000026c    r-- .intvecs
  0000026c    0000026c    00001f36   00001f36    r-x .text
  000021a4    000021a4    000001f1   000001f1    r-- .const
  00002398    00002398    00000060   00000060    r-- .cinit
20000000    20000000    00000614   00000000    rw-
  20000000    20000000    000003bc   00000000    rw- .bss
  200003bc    200003bc    00000200   00000000    rw- .stack
  200005bc    200005bc    00000058   00000000    rw- .data


SECTION ALLOCATION MAP

 output                                  attributes/
section   page    origin      length       input sections
--------  ----  ----------  ----------   ----------------
.intvecs   0    00000000    0000026c     
                  00000000    0000026c     startup_ccs.obj (.intvecs)

.text      0    0000026c    00001f36     
                  0000026c    00000c84     main.obj (.text)
                  00000ef0    00000484     uartstdio.obj (.text)
                  00001374    00000132     driverlib.lib : gpio.obj (.text:GPIOPadConfigSet)
                  000014a6    00000002     rtsv7M4_T_le_v4SPD16_eabi.lib : i_div0.obj (.text)
                  000014a8    00000110     driverlib.lib : sysctl.obj (.text:SysCtlClockGet)
                  000015b8    000000f4                   : sysctl.obj (.text:SysCtlClockSet)
                  000016ac    000000e8     DelayTimer.obj (.text)
                  00001794    000000ac     cmdline.obj (.text)
                  00001840    0000009c     rtsv7M4_T_le_v4SPD16_eabi.lib : memcpy_t2.obj (.text)
                  000018dc    0000008c     cmd.obj (.text)
                  00001968    0000007a     driverlib.lib : adc.obj (.text:ADCSequenceStepConfigure)
                  000019e2    0000007a     rtsv7M4_T_le_v4SPD16_eabi.lib : memset_t2.obj (.text)
                  00001a5c    0000006c                                   : autoinit.obj (.text)
                  00001ac8    0000006a                                   : copy_decompress_rle.obj (.text)
                  00001b32    00000002     --HOLE-- [fill = 0]
                  00001b34    00000068     driverlib.lib : interrupt.obj (.text:IntEnable)
                  00001b9c    00000060                   : timer.obj (.text:TimerConfigure)
                  00001bfc    00000050     rtsv7M4_T_le_v4SPD16_eabi.lib : boot.obj (.text)
                  00001c4c    0000004c                                   : cpy_tbl.obj (.text)
                  00001c98    00000048     driverlib.lib : gpio.obj (.text:GPIOPinConfigure)
                  00001ce0    00000046                   : uart.obj (.text:UARTConfigSetExpClk)
                  00001d26    00000002     --HOLE-- [fill = 0]
                  00001d28    00000044     rtsv7M4_T_le_v4SPD16_eabi.lib : exit.obj (.text)
                  00001d6c    00000040                                   : strtok.obj (.text)
                  00001dac    00000040                                   : u_divt2.obj (.text)
                  00001dec    0000003e     driverlib.lib : adc.obj (.text:ADCSequenceConfigure)
                  00001e2a    00000002     --HOLE-- [fill = 0]
                  00001e2c    00000038                   : sysctl.obj (.text:SysCtlPeripheralPresent)
                  00001e64    00000034                   : sysctl.obj (.text:SysCtlPeripheralEnable)
                  00001e98    00000030     rtsv7M4_T_le_v4SPD16_eabi.lib : strncpy.obj (.text)
                  00001ec8    0000002e     driverlib.lib : adc.obj (.text:ADCIntStatus)
                  00001ef6    0000002a                   : gpio.obj (.text:GPIODirModeSet)
                  00001f20    0000002a     rtsv7M4_T_le_v4SPD16_eabi.lib : strspn.obj (.text)
                  00001f4a    00000024                                   : strcspn.obj (.text)
                  00001f6e    00000002     --HOLE-- [fill = 0]
                  00001f70    00000020     driverlib.lib : uart.obj (.text:UARTDisable)
                  00001f90    0000001e                   : adc.obj (.text:ADCSequenceDataGet)
                  00001fae    0000001e     rtsv7M4_T_le_v4SPD16_eabi.lib : strcat.obj (.text)
                  00001fcc    00000018     driverlib.lib : adc.obj (.text:ADCProcessorTrigger)
                  00001fe4    00000018                   : gpio.obj (.text:GPIOPinTypeGPIOOutput)
                  00001ffc    00000018     rtsv7M4_T_le_v4SPD16_eabi.lib : args_main.obj (.text)
                  00002014    00000018                                   : strcmp.obj (.text)
                  0000202c    00000014     driverlib.lib : systick.obj (.text:SysTickEnable)
                  00002040    00000014                   : uart.obj (.text:UARTEnable)
                  00002054    00000014     rtsv7M4_T_le_v4SPD16_eabi.lib : _lock.obj (.text)
                  00002068    00000014                                   : strcpy.obj (.text)
                  0000207c    00000014                                   : strlen.obj (.text)
                  00002090    00000012     driverlib.lib : gpio.obj (.text:GPIOPinTypeADC)
                  000020a2    00000012                   : gpio.obj (.text:GPIOPinTypeGPIOInput)
                  000020b4    00000012                   : gpio.obj (.text:GPIOPinTypeUART)
                  000020c6    00000012                   : timer.obj (.text:TimerLoadSet)
                  000020d8    00000010                   : interrupt.obj (.text:IntMasterEnable)
                  000020e8    00000010                   : systick.obj (.text:SysTickPeriodSet)
                  000020f8    0000000e                   : adc.obj (.text:ADCSequenceEnable)
                  00002106    0000000e                   : timer.obj (.text:TimerEnable)
                  00002114    0000000e                   : uart.obj (.text:UARTCharsAvail)
                  00002122    0000000e     rtsv7M4_T_le_v4SPD16_eabi.lib : copy_decompress_none.obj (.text:decompress:none)
                  00002130    0000000c     driverlib.lib : cpu.obj (.text:CPUcpsie)
                  0000213c    0000000c     rtsv7M4_T_le_v4SPD16_eabi.lib : copy_zero_init.obj (.text:decompress:ZI)
                  00002148    0000000c     startup_ccs.obj (.text)
                  00002154    0000000a     driverlib.lib : adc.obj (.text:ADCIntClear)
                  0000215e    0000000a                   : uart.obj (.text:UARTCharGet)
                  00002168    0000000a                   : uart.obj (.text:UARTCharPut)
                  00002172    00000008                   : timer.obj (.text:TimerIntEnable)
                  0000217a    00000008                   : uart.obj (.text:UARTBusy)
                  00002182    00000006                   : gpio.obj (.text:GPIOPinWrite)
                  00002188    00000006                   : sysctl.obj (.text:SysCtlDelay)
                  0000218e    00000006                   : uart.obj (.text:UARTClockSourceSet)
                  00002194    00000006     rtsv7M4_T_le_v4SPD16_eabi.lib : copy_decompress_rle.obj (.text:decompress:rle24)
                  0000219a    00000004     driverlib.lib : timer.obj (.text:TimerIntClear)
                  0000219e    00000004     rtsv7M4_T_le_v4SPD16_eabi.lib : pre_init.obj (.text)

.const     0    000021a4    000001f1     
                  000021a4    00000090     driverlib.lib : gpio.obj (.const:g_pui32GPIOBaseAddrs)
                  00002234    00000070                   : interrupt.obj (.const)
                  000022a4    0000006c                   : sysctl.obj (.const:g_pui32Xtals)
                  00002310    0000004c     cmd.obj (.const:.string)
                  0000235c    0000001c     uartstdio.obj (.const)
                  00002378    00000012     uartstdio.obj (.const:.string)
                  0000238a    0000000b     main.obj (.const:.string)

.cinit     0    00002398    00000060     
                  00002398    00000038     (.cinit..data.load) [load image, compression = rle]
                  000023d0    0000000c     (__TI_handler_table)
                  000023dc    00000004     --HOLE-- [fill = 0]
                  000023e0    00000008     (.cinit..bss.load) [load image, compression = zero_init]
                  000023e8    00000010     (__TI_cinit_table)

.init_array 
*          0    00000000    00000000     UNINITIALIZED

.bss       0    20000000    000003bc     UNINITIALIZED
                  20000000    00000200     main.obj (.bss:ReceivedData)
                  20000200    00000080     main.obj (.bss:COMMAND)
                  20000280    00000080     main.obj (.bss:mystr)
                  20000300    00000080     main.obj (.bss:str)
                  20000380    00000024     cmdline.obj (.bss:g_ppcArgv)
                  200003a4    00000004     (.common:co2_device1)
                  200003a8    00000004     (.common:co2_device2)
                  200003ac    00000004     (.common:sensor1)
                  200003b0    00000004     (.common:sensor2)
                  200003b4    00000004     (.common:v1)
                  200003b8    00000004     (.common:v2)

.TI.noinit 
*          0    20000000    00000000     UNINITIALIZED

.stack     0    200003bc    00000200     UNINITIALIZED
                  200003bc    00000200     --HOLE--

.data      0    200005bc    00000058     UNINITIALIZED
                  200005bc    00000024     cmd.obj (.data:g_psCmdTable)
                  200005e0    00000010     main.obj (.data)
                  200005f0    00000008     rtsv7M4_T_le_v4SPD16_eabi.lib : _lock.obj (.data)
                  200005f8    00000008                                   : exit.obj (.data)
                  20000600    00000005     uartstdio.obj (.data)
                  20000605    00000003     --HOLE--
                  20000608    00000004     DelayTimer.obj (.data)
                  2000060c    00000004     rtsv7M4_T_le_v4SPD16_eabi.lib : stkdepth_vars.obj (.data)
                  20000610    00000004                                   : strtok.obj (.data)

.TI.persistent 
*          0    200005bc    00000000     UNINITIALIZED


LINKER GENERATED COPY TABLES

__TI_cinit_table @ 000023e8 records: 2, size/record: 8, table size: 16
	.data: load addr=00002398, load size=00000038 bytes, run addr=200005bc, run size=00000058 bytes, compression=rle
	.bss: load addr=000023e0, load size=00000008 bytes, run addr=20000000, run size=000003bc bytes, compression=zero_init


LINKER GENERATED HANDLER TABLE

__TI_handler_table @ 000023d0 records: 3, size/record: 4, table size: 12
	index: 0, handler: __TI_decompress_rle24
	index: 1, handler: __TI_decompress_none
	index: 2, handler: __TI_zero_init


GLOBAL SYMBOLS: SORTED ALPHABETICALLY BY Name 

address   name                    
-------   ----                    
00002155  ADCIntClear             
00001ec9  ADCIntStatus            
00001fcd  ADCProcessorTrigger     
00001ded  ADCSequenceConfigure    
00001f91  ADCSequenceDataGet      
000020f9  ADCSequenceEnable       
00001969  ADCSequenceStepConfigure
00000505  ATGMResp                
00000431  ATesp                   
00001d29  C$$EXIT                 
00000615  CIPCLOSEesp             
000004db  CIPMUXesp               
00000637  CIPSENDesp              
000005ed  CIPSTARTesp             
000005cb  CIPSTOesp               
0000192d  CMD_QuitProcess         
000018dd  CMD_help                
00002131  CPUcpsie                
00000497  CWJAPesp                
00000475  CWMODEesp               
000004b9  CWQAPesp                
00001795  CmdLineProcess          
00001ef7  GPIODirModeSet          
00001375  GPIOPadConfigSet        
00001c99  GPIOPinConfigure        
00002091  GPIOPinTypeADC          
000020a3  GPIOPinTypeGPIOInput    
00001fe5  GPIOPinTypeGPIOOutput   
000020b5  GPIOPinTypeUART         
00002183  GPIOPinWrite            
00000693  HardwareReset           
000002a9  InitESPUART             
0000026d  InitUART                
00001b35  IntEnable               
000020d9  IntMasterEnable         
000006d9  ProcessCommand          
00000ac5  ProcessRoutine          
00000753  QuitProcess             
00000453  RSTesp                  
00002149  ResetISR                
UNDEFED   SHT$$INIT_ARRAY$$Base   
UNDEFED   SHT$$INIT_ARRAY$$Limit  
00000c81  SearchIndexOf           
000002eb  SendATCommand           
00000bf9  Substring               
000014a9  SysCtlClockGet          
000015b9  SysCtlClockSet          
00002189  SysCtlDelay             
00001e65  SysCtlPeripheralEnable  
00001e2d  SysCtlPeripheralPresent 
0000202d  SysTickEnable           
000020e9  SysTickPeriodSet        
0000176b  Timer5IntHandler        
00001b9d  TimerConfigure          
00002107  TimerEnable             
0000219b  TimerIntClear           
00002173  TimerIntEnable          
000020c7  TimerLoadSet            
0000217b  UARTBusy                
0000215f  UARTCharGet             
00002169  UARTCharPut             
00002115  UARTCharsAvail          
0000218f  UARTClockSourceSet      
00001ce1  UARTConfigSetExpClk     
00001f71  UARTDisable             
00002041  UARTEnable              
00000ef1  UARTStdioConfig         
00001023  UARTgetc                
00000f7d  UARTgets                
0000133f  UARTprintf              
00001045  UARTvprintf             
00000f37  UARTwrite               
200005bc  __STACK_END             
00000200  __STACK_SIZE            
200005bc  __STACK_TOP             
000023e8  __TI_CINIT_Base         
000023f8  __TI_CINIT_Limit        
000023d0  __TI_Handler_Table_Base 
000023dc  __TI_Handler_Table_Limit
00001a5d  __TI_auto_init          
200005f8  __TI_cleanup_ptr        
00002123  __TI_decompress_none    
00002195  __TI_decompress_rle24   
200005fc  __TI_dtors_ptr          
00000000  __TI_static_base__      
0000213d  __TI_zero_init          
000014a7  __aeabi_idiv0           
000019e3  __aeabi_memclr          
000019e3  __aeabi_memclr4         
000019e3  __aeabi_memclr8         
00001841  __aeabi_memcpy          
00001841  __aeabi_memcpy4         
00001841  __aeabi_memcpy8         
000019e5  __aeabi_memset          
000019e5  __aeabi_memset4         
000019e5  __aeabi_memset8         
00001dad  __aeabi_uidiv           
00001dad  __aeabi_uidivmod        
ffffffff  __binit__               
ffffffff  __c_args__              
200003bc  __stack                 
00001ffd  _args_main              
00001bfd  _c_int00                
200005f0  _lock                   
00002063  _nop                    
0000205b  _register_lock          
00002055  _register_unlock        
0000219f  _system_pre_init        
200005f4  _unlock                 
000005a1  aCIFSResp               
00000577  aCWLAPesp               
0000054d  aCWMODEesp              
00001d2d  abort                   
200005ec  alert_thresh            
ffffffff  binit                   
200005e4  co2_correction          
200003a4  co2_device1             
200003a8  co2_device2             
00001c4d  copy_in                 
00001743  delay                   
00001717  delayMicroseconds       
00001d35  exit                    
00000df9  ftoa                    
00000000  g_pfnVectors            
200005bc  g_psCmdTable            
00000d69  itoa                    
000008e5  main                    
2000060c  main_func_sp            
00001841  memcpy                  
000019eb  memset                  
000016f9  micros                  
00001711  millis                  
20000280  mystr                   
200005e0  process                 
00000391  recvFind                
000003bf  recvFindAndFilter       
00000323  recvString              
200003ac  sensor1                 
200003b0  sensor2                 
0000079b  setup                   
00001faf  strcat                  
00002015  strcmp                  
00002069  strcpy                  
00001f4b  strcspn                 
0000207d  strlen                  
00001e99  strncpy                 
00001f21  strspn                  
00001d6d  strtok                  
0000080d  switchPinConfig         
000016ad  timerInit               
200003b4  v1                      
200003b8  v2                      
200005e8  warning_thresh          


GLOBAL SYMBOLS: SORTED BY Symbol Address 

address   name                    
-------   ----                    
00000000  __TI_static_base__      
00000000  g_pfnVectors            
00000200  __STACK_SIZE            
0000026d  InitUART                
000002a9  InitESPUART             
000002eb  SendATCommand           
00000323  recvString              
00000391  recvFind                
000003bf  recvFindAndFilter       
00000431  ATesp                   
00000453  RSTesp                  
00000475  CWMODEesp               
00000497  CWJAPesp                
000004b9  CWQAPesp                
000004db  CIPMUXesp               
00000505  ATGMResp                
0000054d  aCWMODEesp              
00000577  aCWLAPesp               
000005a1  aCIFSResp               
000005cb  CIPSTOesp               
000005ed  CIPSTARTesp             
00000615  CIPCLOSEesp             
00000637  CIPSENDesp              
00000693  HardwareReset           
000006d9  ProcessCommand          
00000753  QuitProcess             
0000079b  setup                   
0000080d  switchPinConfig         
000008e5  main                    
00000ac5  ProcessRoutine          
00000bf9  Substring               
00000c81  SearchIndexOf           
00000d69  itoa                    
00000df9  ftoa                    
00000ef1  UARTStdioConfig         
00000f37  UARTwrite               
00000f7d  UARTgets                
00001023  UARTgetc                
00001045  UARTvprintf             
0000133f  UARTprintf              
00001375  GPIOPadConfigSet        
000014a7  __aeabi_idiv0           
000014a9  SysCtlClockGet          
000015b9  SysCtlClockSet          
000016ad  timerInit               
000016f9  micros                  
00001711  millis                  
00001717  delayMicroseconds       
00001743  delay                   
0000176b  Timer5IntHandler        
00001795  CmdLineProcess          
00001841  __aeabi_memcpy          
00001841  __aeabi_memcpy4         
00001841  __aeabi_memcpy8         
00001841  memcpy                  
000018dd  CMD_help                
0000192d  CMD_QuitProcess         
00001969  ADCSequenceStepConfigure
000019e3  __aeabi_memclr          
000019e3  __aeabi_memclr4         
000019e3  __aeabi_memclr8         
000019e5  __aeabi_memset          
000019e5  __aeabi_memset4         
000019e5  __aeabi_memset8         
000019eb  memset                  
00001a5d  __TI_auto_init          
00001b35  IntEnable               
00001b9d  TimerConfigure          
00001bfd  _c_int00                
00001c4d  copy_in                 
00001c99  GPIOPinConfigure        
00001ce1  UARTConfigSetExpClk     
00001d29  C$$EXIT                 
00001d2d  abort                   
00001d35  exit                    
00001d6d  strtok                  
00001dad  __aeabi_uidiv           
00001dad  __aeabi_uidivmod        
00001ded  ADCSequenceConfigure    
00001e2d  SysCtlPeripheralPresent 
00001e65  SysCtlPeripheralEnable  
00001e99  strncpy                 
00001ec9  ADCIntStatus            
00001ef7  GPIODirModeSet          
00001f21  strspn                  
00001f4b  strcspn                 
00001f71  UARTDisable             
00001f91  ADCSequenceDataGet      
00001faf  strcat                  
00001fcd  ADCProcessorTrigger     
00001fe5  GPIOPinTypeGPIOOutput   
00001ffd  _args_main              
00002015  strcmp                  
0000202d  SysTickEnable           
00002041  UARTEnable              
00002055  _register_unlock        
0000205b  _register_lock          
00002063  _nop                    
00002069  strcpy                  
0000207d  strlen                  
00002091  GPIOPinTypeADC          
000020a3  GPIOPinTypeGPIOInput    
000020b5  GPIOPinTypeUART         
000020c7  TimerLoadSet            
000020d9  IntMasterEnable         
000020e9  SysTickPeriodSet        
000020f9  ADCSequenceEnable       
00002107  TimerEnable             
00002115  UARTCharsAvail          
00002123  __TI_decompress_none    
00002131  CPUcpsie                
0000213d  __TI_zero_init          
00002149  ResetISR                
00002155  ADCIntClear             
0000215f  UARTCharGet             
00002169  UARTCharPut             
00002173  TimerIntEnable          
0000217b  UARTBusy                
00002183  GPIOPinWrite            
00002189  SysCtlDelay             
0000218f  UARTClockSourceSet      
00002195  __TI_decompress_rle24   
0000219b  TimerIntClear           
0000219f  _system_pre_init        
000023d0  __TI_Handler_Table_Base 
000023dc  __TI_Handler_Table_Limit
000023e8  __TI_CINIT_Base         
000023f8  __TI_CINIT_Limit        
20000280  mystr                   
200003a4  co2_device1             
200003a8  co2_device2             
200003ac  sensor1                 
200003b0  sensor2                 
200003b4  v1                      
200003b8  v2                      
200003bc  __stack                 
200005bc  __STACK_END             
200005bc  __STACK_TOP             
200005bc  g_psCmdTable            
200005e0  process                 
200005e4  co2_correction          
200005e8  warning_thresh          
200005ec  alert_thresh            
200005f0  _lock                   
200005f4  _unlock                 
200005f8  __TI_cleanup_ptr        
200005fc  __TI_dtors_ptr          
2000060c  main_func_sp            
ffffffff  __binit__               
ffffffff  __c_args__              
ffffffff  binit                   
UNDEFED   SHT$$INIT_ARRAY$$Base   
UNDEFED   SHT$$INIT_ARRAY$$Limit  

[153 symbols]
