<?xml version="1.0"?>
<link_info>
   <banner>TI ARM Linker PC v5.2.5</banner>
   <copyright>Copyright (c) 1996-2015 Texas Instruments Incorporated</copyright>
   <link_time>0x570ff858</link_time>
   <link_errors>0x0</link_errors>
   <output_file>lab0.out</output_file>
   <entry_point>
      <name>_c_int00</name>
      <address>0x1bfd</address>
   </entry_point>
   <input_file_list>
      <input_file id="fl-2">
         <path>.\</path>
         <kind>object</kind>
         <file>DelayTimer.obj</file>
         <name>DelayTimer.obj</name>
      </input_file>
      <input_file id="fl-3">
         <path>.\</path>
         <kind>object</kind>
         <file>cmd.obj</file>
         <name>cmd.obj</name>
      </input_file>
      <input_file id="fl-4">
         <path>.\</path>
         <kind>object</kind>
         <file>main.obj</file>
         <name>main.obj</name>
      </input_file>
      <input_file id="fl-5">
         <path>.\</path>
         <kind>object</kind>
         <file>startup_ccs.obj</file>
         <name>startup_ccs.obj</name>
      </input_file>
      <input_file id="fl-6">
         <path>.\utils\</path>
         <kind>object</kind>
         <file>cmdline.obj</file>
         <name>cmdline.obj</name>
      </input_file>
      <input_file id="fl-7">
         <path>.\utils\</path>
         <kind>object</kind>
         <file>uartstdio.obj</file>
         <name>uartstdio.obj</name>
      </input_file>
      <input_file id="fl-8">
         <path>.\utils\</path>
         <kind>object</kind>
         <file>ustdlib.obj</file>
         <name>ustdlib.obj</name>
      </input_file>
      <input_file id="fl-11">
         <path>C:\ti\driverlib\ccs\Debug\</path>
         <kind>archive</kind>
         <file>driverlib.lib</file>
         <name>adc.obj</name>
      </input_file>
      <input_file id="fl-12">
         <path>C:\ti\driverlib\ccs\Debug\</path>
         <kind>archive</kind>
         <file>driverlib.lib</file>
         <name>gpio.obj</name>
      </input_file>
      <input_file id="fl-13">
         <path>C:\ti\driverlib\ccs\Debug\</path>
         <kind>archive</kind>
         <file>driverlib.lib</file>
         <name>interrupt.obj</name>
      </input_file>
      <input_file id="fl-14">
         <path>C:\ti\driverlib\ccs\Debug\</path>
         <kind>archive</kind>
         <file>driverlib.lib</file>
         <name>sysctl.obj</name>
      </input_file>
      <input_file id="fl-15">
         <path>C:\ti\driverlib\ccs\Debug\</path>
         <kind>archive</kind>
         <file>driverlib.lib</file>
         <name>systick.obj</name>
      </input_file>
      <input_file id="fl-16">
         <path>C:\ti\driverlib\ccs\Debug\</path>
         <kind>archive</kind>
         <file>driverlib.lib</file>
         <name>timer.obj</name>
      </input_file>
      <input_file id="fl-17">
         <path>C:\ti\driverlib\ccs\Debug\</path>
         <kind>archive</kind>
         <file>driverlib.lib</file>
         <name>uart.obj</name>
      </input_file>
      <input_file id="fl-18">
         <path>C:\ti\driverlib\ccs\Debug\</path>
         <kind>archive</kind>
         <file>driverlib.lib</file>
         <name>cpu.obj</name>
      </input_file>
      <input_file id="fl-13a">
         <path>D:\ti\ccsv6\tools\compiler\ti-cgt-arm_5.2.5\lib\</path>
         <kind>archive</kind>
         <file>rtsv7M4_T_le_v4SPD16_eabi.lib</file>
         <name>boot.obj</name>
      </input_file>
      <input_file id="fl-13b">
         <path>D:\ti\ccsv6\tools\compiler\ti-cgt-arm_5.2.5\lib\</path>
         <kind>archive</kind>
         <file>rtsv7M4_T_le_v4SPD16_eabi.lib</file>
         <name>copy_decompress_none.obj</name>
      </input_file>
      <input_file id="fl-13c">
         <path>D:\ti\ccsv6\tools\compiler\ti-cgt-arm_5.2.5\lib\</path>
         <kind>archive</kind>
         <file>rtsv7M4_T_le_v4SPD16_eabi.lib</file>
         <name>copy_decompress_rle.obj</name>
      </input_file>
      <input_file id="fl-13d">
         <path>D:\ti\ccsv6\tools\compiler\ti-cgt-arm_5.2.5\lib\</path>
         <kind>archive</kind>
         <file>rtsv7M4_T_le_v4SPD16_eabi.lib</file>
         <name>copy_zero_init.obj</name>
      </input_file>
      <input_file id="fl-13e">
         <path>D:\ti\ccsv6\tools\compiler\ti-cgt-arm_5.2.5\lib\</path>
         <kind>archive</kind>
         <file>rtsv7M4_T_le_v4SPD16_eabi.lib</file>
         <name>exit.obj</name>
      </input_file>
      <input_file id="fl-13f">
         <path>D:\ti\ccsv6\tools\compiler\ti-cgt-arm_5.2.5\lib\</path>
         <kind>archive</kind>
         <file>rtsv7M4_T_le_v4SPD16_eabi.lib</file>
         <name>memcpy_t2.obj</name>
      </input_file>
      <input_file id="fl-140">
         <path>D:\ti\ccsv6\tools\compiler\ti-cgt-arm_5.2.5\lib\</path>
         <kind>archive</kind>
         <file>rtsv7M4_T_le_v4SPD16_eabi.lib</file>
         <name>memset_t2.obj</name>
      </input_file>
      <input_file id="fl-141">
         <path>D:\ti\ccsv6\tools\compiler\ti-cgt-arm_5.2.5\lib\</path>
         <kind>archive</kind>
         <file>rtsv7M4_T_le_v4SPD16_eabi.lib</file>
         <name>pre_init.obj</name>
      </input_file>
      <input_file id="fl-142">
         <path>D:\ti\ccsv6\tools\compiler\ti-cgt-arm_5.2.5\lib\</path>
         <kind>archive</kind>
         <file>rtsv7M4_T_le_v4SPD16_eabi.lib</file>
         <name>stkdepth_vars.obj</name>
      </input_file>
      <input_file id="fl-143">
         <path>D:\ti\ccsv6\tools\compiler\ti-cgt-arm_5.2.5\lib\</path>
         <kind>archive</kind>
         <file>rtsv7M4_T_le_v4SPD16_eabi.lib</file>
         <name>strcat.obj</name>
      </input_file>
      <input_file id="fl-144">
         <path>D:\ti\ccsv6\tools\compiler\ti-cgt-arm_5.2.5\lib\</path>
         <kind>archive</kind>
         <file>rtsv7M4_T_le_v4SPD16_eabi.lib</file>
         <name>strcmp.obj</name>
      </input_file>
      <input_file id="fl-145">
         <path>D:\ti\ccsv6\tools\compiler\ti-cgt-arm_5.2.5\lib\</path>
         <kind>archive</kind>
         <file>rtsv7M4_T_le_v4SPD16_eabi.lib</file>
         <name>strcpy.obj</name>
      </input_file>
      <input_file id="fl-146">
         <path>D:\ti\ccsv6\tools\compiler\ti-cgt-arm_5.2.5\lib\</path>
         <kind>archive</kind>
         <file>rtsv7M4_T_le_v4SPD16_eabi.lib</file>
         <name>strlen.obj</name>
      </input_file>
      <input_file id="fl-147">
         <path>D:\ti\ccsv6\tools\compiler\ti-cgt-arm_5.2.5\lib\</path>
         <kind>archive</kind>
         <file>rtsv7M4_T_le_v4SPD16_eabi.lib</file>
         <name>strncpy.obj</name>
      </input_file>
      <input_file id="fl-148">
         <path>D:\ti\ccsv6\tools\compiler\ti-cgt-arm_5.2.5\lib\</path>
         <kind>archive</kind>
         <file>rtsv7M4_T_le_v4SPD16_eabi.lib</file>
         <name>strtok.obj</name>
      </input_file>
      <input_file id="fl-149">
         <path>D:\ti\ccsv6\tools\compiler\ti-cgt-arm_5.2.5\lib\</path>
         <kind>archive</kind>
         <file>rtsv7M4_T_le_v4SPD16_eabi.lib</file>
         <name>u_divt2.obj</name>
      </input_file>
      <input_file id="fl-14a">
         <path>D:\ti\ccsv6\tools\compiler\ti-cgt-arm_5.2.5\lib\</path>
         <kind>archive</kind>
         <file>rtsv7M4_T_le_v4SPD16_eabi.lib</file>
         <name>_lock.obj</name>
      </input_file>
      <input_file id="fl-14b">
         <path>D:\ti\ccsv6\tools\compiler\ti-cgt-arm_5.2.5\lib\</path>
         <kind>archive</kind>
         <file>rtsv7M4_T_le_v4SPD16_eabi.lib</file>
         <name>args_main.obj</name>
      </input_file>
      <input_file id="fl-14c">
         <path>D:\ti\ccsv6\tools\compiler\ti-cgt-arm_5.2.5\lib\</path>
         <kind>archive</kind>
         <file>rtsv7M4_T_le_v4SPD16_eabi.lib</file>
         <name>autoinit.obj</name>
      </input_file>
      <input_file id="fl-14d">
         <path>D:\ti\ccsv6\tools\compiler\ti-cgt-arm_5.2.5\lib\</path>
         <kind>archive</kind>
         <file>rtsv7M4_T_le_v4SPD16_eabi.lib</file>
         <name>cpy_tbl.obj</name>
      </input_file>
      <input_file id="fl-14e">
         <path>D:\ti\ccsv6\tools\compiler\ti-cgt-arm_5.2.5\lib\</path>
         <kind>archive</kind>
         <file>rtsv7M4_T_le_v4SPD16_eabi.lib</file>
         <name>i_div0.obj</name>
      </input_file>
      <input_file id="fl-14f">
         <path>D:\ti\ccsv6\tools\compiler\ti-cgt-arm_5.2.5\lib\</path>
         <kind>archive</kind>
         <file>rtsv7M4_T_le_v4SPD16_eabi.lib</file>
         <name>strcspn.obj</name>
      </input_file>
      <input_file id="fl-150">
         <path>D:\ti\ccsv6\tools\compiler\ti-cgt-arm_5.2.5\lib\</path>
         <kind>archive</kind>
         <file>rtsv7M4_T_le_v4SPD16_eabi.lib</file>
         <name>strspn.obj</name>
      </input_file>
   </input_file_list>
   <object_component_list>
      <object_component id="oc-f">
         <name>.intvecs</name>
         <load_address>0x0</load_address>
         <run_address>0x0</run_address>
         <size>0x26c</size>
         <input_file_ref idref="fl-5"/>
      </object_component>
      <object_component id="oc-ef">
         <name>.text</name>
         <load_address>0x26c</load_address>
         <run_address>0x26c</run_address>
         <size>0xc84</size>
         <input_file_ref idref="fl-4"/>
      </object_component>
      <object_component id="oc-141">
         <name>.text</name>
         <load_address>0xef0</load_address>
         <run_address>0xef0</run_address>
         <size>0x484</size>
         <input_file_ref idref="fl-7"/>
      </object_component>
      <object_component id="oc-1c8">
         <name>.text:GPIOPadConfigSet</name>
         <load_address>0x1374</load_address>
         <run_address>0x1374</run_address>
         <size>0x132</size>
         <input_file_ref idref="fl-12"/>
      </object_component>
      <object_component id="oc-2ad">
         <name>.text</name>
         <load_address>0x14a6</load_address>
         <run_address>0x14a6</run_address>
         <size>0x2</size>
         <input_file_ref idref="fl-14e"/>
      </object_component>
      <object_component id="oc-93">
         <name>.text:SysCtlClockGet</name>
         <load_address>0x14a8</load_address>
         <run_address>0x14a8</run_address>
         <size>0x110</size>
         <input_file_ref idref="fl-14"/>
      </object_component>
      <object_component id="oc-1a4">
         <name>.text:SysCtlClockSet</name>
         <load_address>0x15b8</load_address>
         <run_address>0x15b8</run_address>
         <size>0xf4</size>
         <input_file_ref idref="fl-14"/>
      </object_component>
      <object_component id="oc-30">
         <name>.text</name>
         <load_address>0x16ac</load_address>
         <run_address>0x16ac</run_address>
         <size>0xe8</size>
         <input_file_ref idref="fl-2"/>
      </object_component>
      <object_component id="oc-19e">
         <name>.text</name>
         <load_address>0x1794</load_address>
         <run_address>0x1794</run_address>
         <size>0xac</size>
         <input_file_ref idref="fl-6"/>
      </object_component>
      <object_component id="oc-39">
         <name>.text</name>
         <load_address>0x1840</load_address>
         <run_address>0x1840</run_address>
         <size>0x9c</size>
         <input_file_ref idref="fl-13f"/>
      </object_component>
      <object_component id="oc-2cc">
         <name>.text</name>
         <load_address>0x18dc</load_address>
         <run_address>0x18dc</run_address>
         <size>0x8c</size>
         <input_file_ref idref="fl-3"/>
      </object_component>
      <object_component id="oc-1b0">
         <name>.text:ADCSequenceStepConfigure</name>
         <load_address>0x1968</load_address>
         <run_address>0x1968</run_address>
         <size>0x7a</size>
         <input_file_ref idref="fl-11"/>
      </object_component>
      <object_component id="oc-52">
         <name>.text</name>
         <load_address>0x19e2</load_address>
         <run_address>0x19e2</run_address>
         <size>0x7a</size>
         <input_file_ref idref="fl-140"/>
      </object_component>
      <object_component id="oc-64">
         <name>.text</name>
         <load_address>0x1a5c</load_address>
         <run_address>0x1a5c</run_address>
         <size>0x6c</size>
         <input_file_ref idref="fl-14c"/>
      </object_component>
      <object_component id="oc-45">
         <name>.text</name>
         <load_address>0x1ac8</load_address>
         <run_address>0x1ac8</run_address>
         <size>0x6a</size>
         <input_file_ref idref="fl-13c"/>
      </object_component>
      <object_component id="oc-9f">
         <name>.text:IntEnable</name>
         <load_address>0x1b34</load_address>
         <run_address>0x1b34</run_address>
         <size>0x68</size>
         <input_file_ref idref="fl-13"/>
      </object_component>
      <object_component id="oc-8d">
         <name>.text:TimerConfigure</name>
         <load_address>0x1b9c</load_address>
         <run_address>0x1b9c</run_address>
         <size>0x60</size>
         <input_file_ref idref="fl-16"/>
      </object_component>
      <object_component id="oc-24">
         <name>.text</name>
         <load_address>0x1bfc</load_address>
         <run_address>0x1bfc</run_address>
         <size>0x50</size>
         <input_file_ref idref="fl-13a"/>
      </object_component>
      <object_component id="oc-e7">
         <name>.text</name>
         <load_address>0x1c4c</load_address>
         <run_address>0x1c4c</run_address>
         <size>0x4c</size>
         <input_file_ref idref="fl-14d"/>
      </object_component>
      <object_component id="oc-12f">
         <name>.text:GPIOPinConfigure</name>
         <load_address>0x1c98</load_address>
         <run_address>0x1c98</run_address>
         <size>0x48</size>
         <input_file_ref idref="fl-12"/>
      </object_component>
      <object_component id="oc-147">
         <name>.text:UARTConfigSetExpClk</name>
         <load_address>0x1ce0</load_address>
         <run_address>0x1ce0</run_address>
         <size>0x46</size>
         <input_file_ref idref="fl-17"/>
      </object_component>
      <object_component id="oc-70">
         <name>.text</name>
         <load_address>0x1d28</load_address>
         <run_address>0x1d28</run_address>
         <size>0x44</size>
         <input_file_ref idref="fl-13e"/>
      </object_component>
      <object_component id="oc-192">
         <name>.text</name>
         <load_address>0x1d6c</load_address>
         <run_address>0x1d6c</run_address>
         <size>0x40</size>
         <input_file_ref idref="fl-148"/>
      </object_component>
      <object_component id="oc-241">
         <name>.text</name>
         <load_address>0x1dac</load_address>
         <run_address>0x1dac</run_address>
         <size>0x40</size>
         <input_file_ref idref="fl-149"/>
      </object_component>
      <object_component id="oc-1aa">
         <name>.text:ADCSequenceConfigure</name>
         <load_address>0x1dec</load_address>
         <run_address>0x1dec</run_address>
         <size>0x3e</size>
         <input_file_ref idref="fl-11"/>
      </object_component>
      <object_component id="oc-235">
         <name>.text:SysCtlPeripheralPresent</name>
         <load_address>0x1e2c</load_address>
         <run_address>0x1e2c</run_address>
         <size>0x38</size>
         <input_file_ref idref="fl-14"/>
      </object_component>
      <object_component id="oc-87">
         <name>.text:SysCtlPeripheralEnable</name>
         <load_address>0x1e64</load_address>
         <run_address>0x1e64</run_address>
         <size>0x34</size>
         <input_file_ref idref="fl-14"/>
      </object_component>
      <object_component id="oc-198">
         <name>.text</name>
         <load_address>0x1e98</load_address>
         <run_address>0x1e98</run_address>
         <size>0x30</size>
         <input_file_ref idref="fl-147"/>
      </object_component>
      <object_component id="oc-1e0">
         <name>.text:ADCIntStatus</name>
         <load_address>0x1ec8</load_address>
         <run_address>0x1ec8</run_address>
         <size>0x2e</size>
         <input_file_ref idref="fl-11"/>
      </object_component>
      <object_component id="oc-1bc">
         <name>.text:GPIODirModeSet</name>
         <load_address>0x1ef6</load_address>
         <run_address>0x1ef6</run_address>
         <size>0x2a</size>
         <input_file_ref idref="fl-12"/>
      </object_component>
      <object_component id="oc-264">
         <name>.text</name>
         <load_address>0x1f20</load_address>
         <run_address>0x1f20</run_address>
         <size>0x2a</size>
         <input_file_ref idref="fl-150"/>
      </object_component>
      <object_component id="oc-26a">
         <name>.text</name>
         <load_address>0x1f4a</load_address>
         <run_address>0x1f4a</run_address>
         <size>0x24</size>
         <input_file_ref idref="fl-14f"/>
      </object_component>
      <object_component id="oc-24d">
         <name>.text:UARTDisable</name>
         <load_address>0x1f70</load_address>
         <run_address>0x1f70</run_address>
         <size>0x20</size>
         <input_file_ref idref="fl-17"/>
      </object_component>
      <object_component id="oc-1e6">
         <name>.text:ADCSequenceDataGet</name>
         <load_address>0x1f90</load_address>
         <run_address>0x1f90</run_address>
         <size>0x1e</size>
         <input_file_ref idref="fl-11"/>
      </object_component>
      <object_component id="oc-17a">
         <name>.text</name>
         <load_address>0x1fae</load_address>
         <run_address>0x1fae</run_address>
         <size>0x1e</size>
         <input_file_ref idref="fl-143"/>
      </object_component>
      <object_component id="oc-1da">
         <name>.text:ADCProcessorTrigger</name>
         <load_address>0x1fcc</load_address>
         <run_address>0x1fcc</run_address>
         <size>0x18</size>
         <input_file_ref idref="fl-11"/>
      </object_component>
      <object_component id="oc-180">
         <name>.text:GPIOPinTypeGPIOOutput</name>
         <load_address>0x1fe4</load_address>
         <run_address>0x1fe4</run_address>
         <size>0x18</size>
         <input_file_ref idref="fl-12"/>
      </object_component>
      <object_component id="oc-6a">
         <name>.text</name>
         <load_address>0x1ffc</load_address>
         <run_address>0x1ffc</run_address>
         <size>0x18</size>
         <input_file_ref idref="fl-14b"/>
      </object_component>
      <object_component id="oc-277">
         <name>.text</name>
         <load_address>0x2014</load_address>
         <run_address>0x2014</run_address>
         <size>0x18</size>
         <input_file_ref idref="fl-144"/>
      </object_component>
      <object_component id="oc-81">
         <name>.text:SysTickEnable</name>
         <load_address>0x202c</load_address>
         <run_address>0x202c</run_address>
         <size>0x14</size>
         <input_file_ref idref="fl-15"/>
      </object_component>
      <object_component id="oc-14d">
         <name>.text:UARTEnable</name>
         <load_address>0x2040</load_address>
         <run_address>0x2040</run_address>
         <size>0x14</size>
         <input_file_ref idref="fl-17"/>
      </object_component>
      <object_component id="oc-206">
         <name>.text</name>
         <load_address>0x2054</load_address>
         <run_address>0x2054</run_address>
         <size>0x14</size>
         <input_file_ref idref="fl-14a"/>
      </object_component>
      <object_component id="oc-174">
         <name>.text</name>
         <load_address>0x2068</load_address>
         <run_address>0x2068</run_address>
         <size>0x14</size>
         <input_file_ref idref="fl-145"/>
      </object_component>
      <object_component id="oc-16b">
         <name>.text</name>
         <load_address>0x207c</load_address>
         <run_address>0x207c</run_address>
         <size>0x14</size>
         <input_file_ref idref="fl-146"/>
      </object_component>
      <object_component id="oc-1c2">
         <name>.text:GPIOPinTypeADC</name>
         <load_address>0x2090</load_address>
         <run_address>0x2090</run_address>
         <size>0x12</size>
         <input_file_ref idref="fl-12"/>
      </object_component>
      <object_component id="oc-18c">
         <name>.text:GPIOPinTypeGPIOInput</name>
         <load_address>0x20a2</load_address>
         <run_address>0x20a2</run_address>
         <size>0x12</size>
         <input_file_ref idref="fl-12"/>
      </object_component>
      <object_component id="oc-135">
         <name>.text:GPIOPinTypeUART</name>
         <load_address>0x20b4</load_address>
         <run_address>0x20b4</run_address>
         <size>0x12</size>
         <input_file_ref idref="fl-12"/>
      </object_component>
      <object_component id="oc-99">
         <name>.text:TimerLoadSet</name>
         <load_address>0x20c6</load_address>
         <run_address>0x20c6</run_address>
         <size>0x12</size>
         <input_file_ref idref="fl-16"/>
      </object_component>
      <object_component id="oc-b1">
         <name>.text:IntMasterEnable</name>
         <load_address>0x20d8</load_address>
         <run_address>0x20d8</run_address>
         <size>0x10</size>
         <input_file_ref idref="fl-13"/>
      </object_component>
      <object_component id="oc-7b">
         <name>.text:SysTickPeriodSet</name>
         <load_address>0x20e8</load_address>
         <run_address>0x20e8</run_address>
         <size>0x10</size>
         <input_file_ref idref="fl-15"/>
      </object_component>
      <object_component id="oc-1b6">
         <name>.text:ADCSequenceEnable</name>
         <load_address>0x20f8</load_address>
         <run_address>0x20f8</run_address>
         <size>0xe</size>
         <input_file_ref idref="fl-11"/>
      </object_component>
      <object_component id="oc-ab">
         <name>.text:TimerEnable</name>
         <load_address>0x2106</load_address>
         <run_address>0x2106</run_address>
         <size>0xe</size>
         <input_file_ref idref="fl-16"/>
      </object_component>
      <object_component id="oc-165">
         <name>.text:UARTCharsAvail</name>
         <load_address>0x2114</load_address>
         <run_address>0x2114</run_address>
         <size>0xe</size>
         <input_file_ref idref="fl-17"/>
      </object_component>
      <object_component id="oc-12">
         <name>.text:decompress:none</name>
         <load_address>0x2122</load_address>
         <run_address>0x2122</run_address>
         <size>0xe</size>
         <input_file_ref idref="fl-13b"/>
      </object_component>
      <object_component id="oc-115">
         <name>.text:CPUcpsie</name>
         <load_address>0x2130</load_address>
         <run_address>0x2130</run_address>
         <size>0xc</size>
         <input_file_ref idref="fl-18"/>
      </object_component>
      <object_component id="oc-1e">
         <name>.text:decompress:ZI</name>
         <load_address>0x213c</load_address>
         <run_address>0x213c</run_address>
         <size>0xc</size>
         <input_file_ref idref="fl-13d"/>
      </object_component>
      <object_component id="oc-2a">
         <name>.text</name>
         <load_address>0x2148</load_address>
         <run_address>0x2148</run_address>
         <size>0xc</size>
         <input_file_ref idref="fl-5"/>
      </object_component>
      <object_component id="oc-1d4">
         <name>.text:ADCIntClear</name>
         <load_address>0x2154</load_address>
         <run_address>0x2154</run_address>
         <size>0xa</size>
         <input_file_ref idref="fl-11"/>
      </object_component>
      <object_component id="oc-15f">
         <name>.text:UARTCharGet</name>
         <load_address>0x215e</load_address>
         <run_address>0x215e</run_address>
         <size>0xa</size>
         <input_file_ref idref="fl-17"/>
      </object_component>
      <object_component id="oc-159">
         <name>.text:UARTCharPut</name>
         <load_address>0x2168</load_address>
         <run_address>0x2168</run_address>
         <size>0xa</size>
         <input_file_ref idref="fl-17"/>
      </object_component>
      <object_component id="oc-a5">
         <name>.text:TimerIntEnable</name>
         <load_address>0x2172</load_address>
         <run_address>0x2172</run_address>
         <size>0x8</size>
         <input_file_ref idref="fl-16"/>
      </object_component>
      <object_component id="oc-153">
         <name>.text:UARTBusy</name>
         <load_address>0x217a</load_address>
         <run_address>0x217a</run_address>
         <size>0x8</size>
         <input_file_ref idref="fl-17"/>
      </object_component>
      <object_component id="oc-186">
         <name>.text:GPIOPinWrite</name>
         <load_address>0x2182</load_address>
         <run_address>0x2182</run_address>
         <size>0x6</size>
         <input_file_ref idref="fl-12"/>
      </object_component>
      <object_component id="oc-1ec">
         <name>.text:SysCtlDelay</name>
         <load_address>0x2188</load_address>
         <run_address>0x2188</run_address>
         <size>0x6</size>
         <input_file_ref idref="fl-14"/>
      </object_component>
      <object_component id="oc-13b">
         <name>.text:UARTClockSourceSet</name>
         <load_address>0x218e</load_address>
         <run_address>0x218e</run_address>
         <size>0x6</size>
         <input_file_ref idref="fl-17"/>
      </object_component>
      <object_component id="oc-18">
         <name>.text:decompress:rle24</name>
         <load_address>0x2194</load_address>
         <run_address>0x2194</run_address>
         <size>0x6</size>
         <input_file_ref idref="fl-13c"/>
      </object_component>
      <object_component id="oc-b7">
         <name>.text:TimerIntClear</name>
         <load_address>0x219a</load_address>
         <run_address>0x219a</run_address>
         <size>0x4</size>
         <input_file_ref idref="fl-16"/>
      </object_component>
      <object_component id="oc-5e">
         <name>.text</name>
         <load_address>0x219e</load_address>
         <run_address>0x219e</run_address>
         <size>0x4</size>
         <input_file_ref idref="fl-141"/>
      </object_component>
      <object_component id="oc-22d">
         <name>.const:g_pui32GPIOBaseAddrs</name>
         <load_address>0x21a4</load_address>
         <run_address>0x21a4</run_address>
         <size>0x90</size>
         <input_file_ref idref="fl-12"/>
      </object_component>
      <object_component id="oc-10e">
         <name>.const</name>
         <load_address>0x2234</load_address>
         <run_address>0x2234</run_address>
         <size>0x70</size>
         <input_file_ref idref="fl-13"/>
      </object_component>
      <object_component id="oc-109">
         <name>.const:g_pui32Xtals</name>
         <load_address>0x22a4</load_address>
         <run_address>0x22a4</run_address>
         <size>0x6c</size>
         <input_file_ref idref="fl-14"/>
      </object_component>
      <object_component id="oc-2cb">
         <name>.const:.string</name>
         <load_address>0x2310</load_address>
         <run_address>0x2310</run_address>
         <size>0x4c</size>
         <input_file_ref idref="fl-3"/>
      </object_component>
      <object_component id="oc-23b">
         <name>.const</name>
         <load_address>0x235c</load_address>
         <run_address>0x235c</run_address>
         <size>0x1c</size>
         <input_file_ref idref="fl-7"/>
      </object_component>
      <object_component id="oc-2a8">
         <name>.const:.string</name>
         <load_address>0x2378</load_address>
         <run_address>0x2378</run_address>
         <size>0x12</size>
         <input_file_ref idref="fl-7"/>
      </object_component>
      <object_component id="oc-1fb">
         <name>.const:.string</name>
         <load_address>0x238a</load_address>
         <run_address>0x238a</run_address>
         <size>0xb</size>
         <input_file_ref idref="fl-4"/>
      </object_component>
      <object_component id="oc-30b">
         <name>.cinit..data.load</name>
         <load_address>0x2398</load_address>
         <run_address>0x2398</run_address>
         <size>0x38</size>
      </object_component>
      <object_component id="oc-309">
         <name>__TI_handler_table</name>
         <load_address>0x23d0</load_address>
         <run_address>0x23d0</run_address>
         <size>0xc</size>
      </object_component>
      <object_component id="oc-30c">
         <name>.cinit..bss.load</name>
         <load_address>0x23e0</load_address>
         <run_address>0x23e0</run_address>
         <size>0x8</size>
      </object_component>
      <object_component id="oc-30a">
         <name>__TI_cinit_table</name>
         <load_address>0x23e8</load_address>
         <run_address>0x23e8</run_address>
         <size>0x10</size>
      </object_component>
      <object_component id="oc-29">
         <name>.stack</name>
         <uninitialized>true</uninitialized>
         <run_address>0x200003bc</run_address>
         <size>0x0</size>
         <input_file_ref idref="fl-13a"/>
      </object_component>
      <object_component id="oc-30d">
         <name>.stack</name>
         <uninitialized>true</uninitialized>
         <run_address>0x200003bc</run_address>
         <size>0x0</size>
      </object_component>
      <object_component id="oc-1d1">
         <name>.bss:COMMAND</name>
         <uninitialized>true</uninitialized>
         <run_address>0x20000200</run_address>
         <size>0x80</size>
         <input_file_ref idref="fl-4"/>
      </object_component>
      <object_component id="oc-171">
         <name>.bss:ReceivedData</name>
         <uninitialized>true</uninitialized>
         <run_address>0x20000000</run_address>
         <size>0x200</size>
         <input_file_ref idref="fl-4"/>
      </object_component>
      <object_component id="oc-1ce">
         <name>.bss:str</name>
         <uninitialized>true</uninitialized>
         <run_address>0x20000300</run_address>
         <size>0x80</size>
         <input_file_ref idref="fl-4"/>
      </object_component>
      <object_component id="oc-1f8">
         <name>.bss:mystr</name>
         <uninitialized>true</uninitialized>
         <run_address>0x20000280</run_address>
         <size>0x80</size>
         <input_file_ref idref="fl-4"/>
      </object_component>
      <object_component id="oc-27d">
         <name>.bss:g_ppcArgv</name>
         <uninitialized>true</uninitialized>
         <run_address>0x20000380</run_address>
         <size>0x24</size>
         <input_file_ref idref="fl-6"/>
      </object_component>
      <object_component id="oc-1f0">
         <name>.common:sensor1</name>
         <uninitialized>true</uninitialized>
         <run_address>0x200003ac</run_address>
         <size>0x4</size>
      </object_component>
      <object_component id="oc-1f3">
         <name>.common:sensor2</name>
         <uninitialized>true</uninitialized>
         <run_address>0x200003b0</run_address>
         <size>0x4</size>
      </object_component>
      <object_component id="oc-1f4">
         <name>.common:v1</name>
         <uninitialized>true</uninitialized>
         <run_address>0x200003b4</run_address>
         <size>0x4</size>
      </object_component>
      <object_component id="oc-1f5">
         <name>.common:v2</name>
         <uninitialized>true</uninitialized>
         <run_address>0x200003b8</run_address>
         <size>0x4</size>
      </object_component>
      <object_component id="oc-1f6">
         <name>.common:co2_device1</name>
         <uninitialized>true</uninitialized>
         <run_address>0x200003a4</run_address>
         <size>0x4</size>
      </object_component>
      <object_component id="oc-1f7">
         <name>.common:co2_device2</name>
         <uninitialized>true</uninitialized>
         <run_address>0x200003a8</run_address>
         <size>0x4</size>
      </object_component>
      <object_component id="oc-bd">
         <name>.data</name>
         <load_address>0x20000608</load_address>
         <run_address>0x20000608</run_address>
         <size>0x4</size>
         <input_file_ref idref="fl-2"/>
      </object_component>
      <object_component id="oc-280">
         <name>.data:g_psCmdTable</name>
         <load_address>0x200005bc</load_address>
         <run_address>0x200005bc</run_address>
         <size>0x24</size>
         <input_file_ref idref="fl-3"/>
      </object_component>
      <object_component id="oc-1ed">
         <name>.data</name>
         <load_address>0x200005e0</load_address>
         <run_address>0x200005e0</run_address>
         <size>0x10</size>
         <input_file_ref idref="fl-4"/>
      </object_component>
      <object_component id="oc-23e">
         <name>.data</name>
         <load_address>0x20000600</load_address>
         <run_address>0x20000600</run_address>
         <size>0x5</size>
         <input_file_ref idref="fl-7"/>
      </object_component>
      <object_component id="oc-fa">
         <name>.data</name>
         <load_address>0x200005f8</load_address>
         <run_address>0x200005f8</run_address>
         <size>0x8</size>
         <input_file_ref idref="fl-13e"/>
      </object_component>
      <object_component id="oc-76">
         <name>.data</name>
         <load_address>0x2000060c</load_address>
         <run_address>0x2000060c</run_address>
         <size>0x4</size>
         <input_file_ref idref="fl-142"/>
      </object_component>
      <object_component id="oc-270">
         <name>.data</name>
         <load_address>0x20000610</load_address>
         <run_address>0x20000610</run_address>
         <size>0x4</size>
         <input_file_ref idref="fl-148"/>
      </object_component>
      <object_component id="oc-f7">
         <name>.data</name>
         <load_address>0x200005f0</load_address>
         <run_address>0x200005f0</run_address>
         <size>0x8</size>
         <input_file_ref idref="fl-14a"/>
      </object_component>
      <object_component id="oc-c6">
         <name>.debug_info</name>
         <load_address>0x0</load_address>
         <run_address>0x0</run_address>
         <size>0x2c7</size>
         <input_file_ref idref="fl-2"/>
      </object_component>
      <object_component id="oc-be">
         <name>.debug_info</name>
         <load_address>0x2c7</load_address>
         <run_address>0x2c7</run_address>
         <size>0xcd</size>
         <input_file_ref idref="fl-2"/>
      </object_component>
      <object_component id="oc-31">
         <name>.debug_info</name>
         <load_address>0x394</load_address>
         <run_address>0x394</run_address>
         <size>0x449</size>
         <input_file_ref idref="fl-2"/>
      </object_component>
      <object_component id="oc-c1">
         <name>.debug_info</name>
         <load_address>0x7dd</load_address>
         <run_address>0x7dd</run_address>
         <size>0x8b</size>
         <input_file_ref idref="fl-2"/>
      </object_component>
      <object_component id="oc-c7">
         <name>.debug_info</name>
         <load_address>0x868</load_address>
         <run_address>0x868</run_address>
         <size>0x18b</size>
         <input_file_ref idref="fl-2"/>
      </object_component>
      <object_component id="oc-248">
         <name>.debug_info</name>
         <load_address>0x9f3</load_address>
         <run_address>0x9f3</run_address>
         <size>0x4e</size>
         <input_file_ref idref="fl-2"/>
      </object_component>
      <object_component id="oc-2d4">
         <name>.debug_info</name>
         <load_address>0xa41</load_address>
         <run_address>0xa41</run_address>
         <size>0x13b</size>
         <input_file_ref idref="fl-3"/>
      </object_component>
      <object_component id="oc-281">
         <name>.debug_info</name>
         <load_address>0xb7c</load_address>
         <run_address>0xb7c</run_address>
         <size>0xc7</size>
         <input_file_ref idref="fl-3"/>
      </object_component>
      <object_component id="oc-2cd">
         <name>.debug_info</name>
         <load_address>0xc43</load_address>
         <run_address>0xc43</run_address>
         <size>0x229</size>
         <input_file_ref idref="fl-3"/>
      </object_component>
      <object_component id="oc-2d7">
         <name>.debug_info</name>
         <load_address>0xe6c</load_address>
         <run_address>0xe6c</run_address>
         <size>0x7f</size>
         <input_file_ref idref="fl-3"/>
      </object_component>
      <object_component id="oc-ce">
         <name>.debug_info</name>
         <load_address>0xeeb</load_address>
         <run_address>0xeeb</run_address>
         <size>0x84</size>
         <input_file_ref idref="fl-3"/>
      </object_component>
      <object_component id="oc-1f1">
         <name>.debug_info</name>
         <load_address>0xf6f</load_address>
         <run_address>0xf6f</run_address>
         <size>0x981</size>
         <input_file_ref idref="fl-4"/>
      </object_component>
      <object_component id="oc-1d2">
         <name>.debug_info</name>
         <load_address>0x18f0</load_address>
         <run_address>0x18f0</run_address>
         <size>0xbd</size>
         <input_file_ref idref="fl-4"/>
      </object_component>
      <object_component id="oc-172">
         <name>.debug_info</name>
         <load_address>0x19ad</load_address>
         <run_address>0x19ad</run_address>
         <size>0xc7</size>
         <input_file_ref idref="fl-4"/>
      </object_component>
      <object_component id="oc-1cf">
         <name>.debug_info</name>
         <load_address>0x1a74</load_address>
         <run_address>0x1a74</run_address>
         <size>0xb5</size>
         <input_file_ref idref="fl-4"/>
      </object_component>
      <object_component id="oc-1f9">
         <name>.debug_info</name>
         <load_address>0x1b29</load_address>
         <run_address>0x1b29</run_address>
         <size>0xba</size>
         <input_file_ref idref="fl-4"/>
      </object_component>
      <object_component id="oc-1ee">
         <name>.debug_info</name>
         <load_address>0x1be3</load_address>
         <run_address>0x1be3</run_address>
         <size>0x144</size>
         <input_file_ref idref="fl-4"/>
      </object_component>
      <object_component id="oc-1fc">
         <name>.debug_info</name>
         <load_address>0x1d27</load_address>
         <run_address>0x1d27</run_address>
         <size>0xbe</size>
         <input_file_ref idref="fl-4"/>
      </object_component>
      <object_component id="oc-f0">
         <name>.debug_info</name>
         <load_address>0x1de5</load_address>
         <run_address>0x1de5</run_address>
         <size>0x1cc9</size>
         <input_file_ref idref="fl-4"/>
      </object_component>
      <object_component id="oc-de">
         <name>.debug_info</name>
         <load_address>0x3aae</load_address>
         <run_address>0x3aae</run_address>
         <size>0x2c</size>
         <input_file_ref idref="fl-4"/>
      </object_component>
      <object_component id="oc-38">
         <name>.debug_info</name>
         <load_address>0x3ada</load_address>
         <run_address>0x3ada</run_address>
         <size>0x112</size>
         <input_file_ref idref="fl-5"/>
      </object_component>
      <object_component id="oc-10">
         <name>.debug_info</name>
         <load_address>0x3bec</load_address>
         <run_address>0x3bec</run_address>
         <size>0xcf</size>
         <input_file_ref idref="fl-5"/>
      </object_component>
      <object_component id="oc-2c">
         <name>.debug_info</name>
         <load_address>0x3cbb</load_address>
         <run_address>0x3cbb</run_address>
         <size>0x1e3</size>
         <input_file_ref idref="fl-5"/>
      </object_component>
      <object_component id="oc-284">
         <name>.debug_info</name>
         <load_address>0x3e9e</load_address>
         <run_address>0x3e9e</run_address>
         <size>0x14b</size>
         <input_file_ref idref="fl-6"/>
      </object_component>
      <object_component id="oc-27e">
         <name>.debug_info</name>
         <load_address>0x3fe9</load_address>
         <run_address>0x3fe9</run_address>
         <size>0xca</size>
         <input_file_ref idref="fl-6"/>
      </object_component>
      <object_component id="oc-19f">
         <name>.debug_info</name>
         <load_address>0x40b3</load_address>
         <run_address>0x40b3</run_address>
         <size>0x1c6</size>
         <input_file_ref idref="fl-6"/>
      </object_component>
      <object_component id="oc-247">
         <name>.debug_info</name>
         <load_address>0x4279</load_address>
         <run_address>0x4279</run_address>
         <size>0x231</size>
         <input_file_ref idref="fl-7"/>
      </object_component>
      <object_component id="oc-23f">
         <name>.debug_info</name>
         <load_address>0x44aa</load_address>
         <run_address>0x44aa</run_address>
         <size>0xce</size>
         <input_file_ref idref="fl-7"/>
      </object_component>
      <object_component id="oc-23c">
         <name>.debug_info</name>
         <load_address>0x4578</load_address>
         <run_address>0x4578</run_address>
         <size>0x124</size>
         <input_file_ref idref="fl-7"/>
      </object_component>
      <object_component id="oc-144">
         <name>.debug_info</name>
         <load_address>0x469c</load_address>
         <run_address>0x469c</run_address>
         <size>0x79d</size>
         <input_file_ref idref="fl-7"/>
      </object_component>
      <object_component id="oc-287">
         <name>.debug_info</name>
         <load_address>0x4e39</load_address>
         <run_address>0x4e39</run_address>
         <size>0x23d</size>
         <input_file_ref idref="fl-11"/>
      </object_component>
      <object_component id="oc-1b3">
         <name>.debug_info</name>
         <load_address>0x5076</load_address>
         <run_address>0x5076</run_address>
         <size>0x333</size>
         <input_file_ref idref="fl-11"/>
      </object_component>
      <object_component id="oc-1b9">
         <name>.debug_info</name>
         <load_address>0x53a9</load_address>
         <run_address>0x53a9</run_address>
         <size>0x2a0</size>
         <input_file_ref idref="fl-11"/>
      </object_component>
      <object_component id="oc-1e9">
         <name>.debug_info</name>
         <load_address>0x5649</load_address>
         <run_address>0x5649</run_address>
         <size>0x2ff</size>
         <input_file_ref idref="fl-11"/>
      </object_component>
      <object_component id="oc-1ad">
         <name>.debug_info</name>
         <load_address>0x5948</load_address>
         <run_address>0x5948</run_address>
         <size>0x326</size>
         <input_file_ref idref="fl-11"/>
      </object_component>
      <object_component id="oc-1dd">
         <name>.debug_info</name>
         <load_address>0x5c6e</load_address>
         <run_address>0x5c6e</run_address>
         <size>0x2a4</size>
         <input_file_ref idref="fl-11"/>
      </object_component>
      <object_component id="oc-1e3">
         <name>.debug_info</name>
         <load_address>0x5f12</load_address>
         <run_address>0x5f12</run_address>
         <size>0x2e7</size>
         <input_file_ref idref="fl-11"/>
      </object_component>
      <object_component id="oc-1d7">
         <name>.debug_info</name>
         <load_address>0x61f9</load_address>
         <run_address>0x61f9</run_address>
         <size>0x294</size>
         <input_file_ref idref="fl-11"/>
      </object_component>
      <object_component id="oc-231">
         <name>.debug_info</name>
         <load_address>0x648d</load_address>
         <run_address>0x648d</run_address>
         <size>0x230</size>
         <input_file_ref idref="fl-12"/>
      </object_component>
      <object_component id="oc-22e">
         <name>.debug_info</name>
         <load_address>0x66bd</load_address>
         <run_address>0x66bd</run_address>
         <size>0x15b</size>
         <input_file_ref idref="fl-12"/>
      </object_component>
      <object_component id="oc-189">
         <name>.debug_info</name>
         <load_address>0x6818</load_address>
         <run_address>0x6818</run_address>
         <size>0x2a3</size>
         <input_file_ref idref="fl-12"/>
      </object_component>
      <object_component id="oc-1bf">
         <name>.debug_info</name>
         <load_address>0x6abb</load_address>
         <run_address>0x6abb</run_address>
         <size>0x2b3</size>
         <input_file_ref idref="fl-12"/>
      </object_component>
      <object_component id="oc-1cb">
         <name>.debug_info</name>
         <load_address>0x6d6e</load_address>
         <run_address>0x6d6e</run_address>
         <size>0x316</size>
         <input_file_ref idref="fl-12"/>
      </object_component>
      <object_component id="oc-138">
         <name>.debug_info</name>
         <load_address>0x7084</load_address>
         <run_address>0x7084</run_address>
         <size>0x27b</size>
         <input_file_ref idref="fl-12"/>
      </object_component>
      <object_component id="oc-183">
         <name>.debug_info</name>
         <load_address>0x72ff</load_address>
         <run_address>0x72ff</run_address>
         <size>0x2b7</size>
         <input_file_ref idref="fl-12"/>
      </object_component>
      <object_component id="oc-18d">
         <name>.debug_info</name>
         <load_address>0x75b6</load_address>
         <run_address>0x75b6</run_address>
         <size>0x285</size>
         <input_file_ref idref="fl-12"/>
      </object_component>
      <object_component id="oc-1c3">
         <name>.debug_info</name>
         <load_address>0x783b</load_address>
         <run_address>0x783b</run_address>
         <size>0x279</size>
         <input_file_ref idref="fl-12"/>
      </object_component>
      <object_component id="oc-130">
         <name>.debug_info</name>
         <load_address>0x7ab4</load_address>
         <run_address>0x7ab4</run_address>
         <size>0x280</size>
         <input_file_ref idref="fl-12"/>
      </object_component>
      <object_component id="oc-112">
         <name>.debug_info</name>
         <load_address>0x7d34</load_address>
         <run_address>0x7d34</run_address>
         <size>0x20e</size>
         <input_file_ref idref="fl-13"/>
      </object_component>
      <object_component id="oc-10f">
         <name>.debug_info</name>
         <load_address>0x7f42</load_address>
         <run_address>0x7f42</run_address>
         <size>0x210</size>
         <input_file_ref idref="fl-13"/>
      </object_component>
      <object_component id="oc-b2">
         <name>.debug_info</name>
         <load_address>0x8152</load_address>
         <run_address>0x8152</run_address>
         <size>0x23e</size>
         <input_file_ref idref="fl-13"/>
      </object_component>
      <object_component id="oc-a0">
         <name>.debug_info</name>
         <load_address>0x8390</load_address>
         <run_address>0x8390</run_address>
         <size>0x268</size>
         <input_file_ref idref="fl-13"/>
      </object_component>
      <object_component id="oc-106">
         <name>.debug_info</name>
         <load_address>0x85f8</load_address>
         <run_address>0x85f8</run_address>
         <size>0x27f</size>
         <input_file_ref idref="fl-14"/>
      </object_component>
      <object_component id="oc-10a">
         <name>.debug_info</name>
         <load_address>0x8877</load_address>
         <run_address>0x8877</run_address>
         <size>0x14d</size>
         <input_file_ref idref="fl-14"/>
      </object_component>
      <object_component id="oc-236">
         <name>.debug_info</name>
         <load_address>0x89c4</load_address>
         <run_address>0x89c4</run_address>
         <size>0x283</size>
         <input_file_ref idref="fl-14"/>
      </object_component>
      <object_component id="oc-88">
         <name>.debug_info</name>
         <load_address>0x8c47</load_address>
         <run_address>0x8c47</run_address>
         <size>0x27d</size>
         <input_file_ref idref="fl-14"/>
      </object_component>
      <object_component id="oc-1a6">
         <name>.debug_info</name>
         <load_address>0x8ec4</load_address>
         <run_address>0x8ec4</run_address>
         <size>0x2db</size>
         <input_file_ref idref="fl-14"/>
      </object_component>
      <object_component id="oc-96">
         <name>.debug_info</name>
         <load_address>0x919f</load_address>
         <run_address>0x919f</run_address>
         <size>0x2b5</size>
         <input_file_ref idref="fl-14"/>
      </object_component>
      <object_component id="oc-218">
         <name>.debug_info</name>
         <load_address>0x9454</load_address>
         <run_address>0x9454</run_address>
         <size>0x5f</size>
         <input_file_ref idref="fl-14"/>
      </object_component>
      <object_component id="oc-103">
         <name>.debug_info</name>
         <load_address>0x94b3</load_address>
         <run_address>0x94b3</run_address>
         <size>0x19d</size>
         <input_file_ref idref="fl-15"/>
      </object_component>
      <object_component id="oc-7c">
         <name>.debug_info</name>
         <load_address>0x9650</load_address>
         <run_address>0x9650</run_address>
         <size>0x261</size>
         <input_file_ref idref="fl-15"/>
      </object_component>
      <object_component id="oc-83">
         <name>.debug_info</name>
         <load_address>0x98b1</load_address>
         <run_address>0x98b1</run_address>
         <size>0x221</size>
         <input_file_ref idref="fl-15"/>
      </object_component>
      <object_component id="oc-108">
         <name>.debug_info</name>
         <load_address>0x9ad2</load_address>
         <run_address>0x9ad2</run_address>
         <size>0x223</size>
         <input_file_ref idref="fl-16"/>
      </object_component>
      <object_component id="oc-9b">
         <name>.debug_info</name>
         <load_address>0x9cf5</load_address>
         <run_address>0x9cf5</run_address>
         <size>0x2ba</size>
         <input_file_ref idref="fl-16"/>
      </object_component>
      <object_component id="oc-a7">
         <name>.debug_info</name>
         <load_address>0x9faf</load_address>
         <run_address>0x9faf</run_address>
         <size>0x294</size>
         <input_file_ref idref="fl-16"/>
      </object_component>
      <object_component id="oc-b9">
         <name>.debug_info</name>
         <load_address>0xa243</load_address>
         <run_address>0xa243</run_address>
         <size>0x292</size>
         <input_file_ref idref="fl-16"/>
      </object_component>
      <object_component id="oc-ad">
         <name>.debug_info</name>
         <load_address>0xa4d5</load_address>
         <run_address>0xa4d5</run_address>
         <size>0x27f</size>
         <input_file_ref idref="fl-16"/>
      </object_component>
      <object_component id="oc-8f">
         <name>.debug_info</name>
         <load_address>0xa754</load_address>
         <run_address>0xa754</run_address>
         <size>0x28c</size>
         <input_file_ref idref="fl-16"/>
      </object_component>
      <object_component id="oc-234">
         <name>.debug_info</name>
         <load_address>0xa9e0</load_address>
         <run_address>0xa9e0</run_address>
         <size>0x227</size>
         <input_file_ref idref="fl-17"/>
      </object_component>
      <object_component id="oc-14f">
         <name>.debug_info</name>
         <load_address>0xac07</load_address>
         <run_address>0xac07</run_address>
         <size>0x247</size>
         <input_file_ref idref="fl-17"/>
      </object_component>
      <object_component id="oc-24f">
         <name>.debug_info</name>
         <load_address>0xae4e</load_address>
         <run_address>0xae4e</run_address>
         <size>0x249</size>
         <input_file_ref idref="fl-17"/>
      </object_component>
      <object_component id="oc-149">
         <name>.debug_info</name>
         <load_address>0xb097</load_address>
         <run_address>0xb097</run_address>
         <size>0x326</size>
         <input_file_ref idref="fl-17"/>
      </object_component>
      <object_component id="oc-13d">
         <name>.debug_info</name>
         <load_address>0xb3bd</load_address>
         <run_address>0xb3bd</run_address>
         <size>0x291</size>
         <input_file_ref idref="fl-17"/>
      </object_component>
      <object_component id="oc-167">
         <name>.debug_info</name>
         <load_address>0xb64e</load_address>
         <run_address>0xb64e</run_address>
         <size>0x253</size>
         <input_file_ref idref="fl-17"/>
      </object_component>
      <object_component id="oc-15b">
         <name>.debug_info</name>
         <load_address>0xb8a1</load_address>
         <run_address>0xb8a1</run_address>
         <size>0x273</size>
         <input_file_ref idref="fl-17"/>
      </object_component>
      <object_component id="oc-161">
         <name>.debug_info</name>
         <load_address>0xbb14</load_address>
         <run_address>0xbb14</run_address>
         <size>0x24d</size>
         <input_file_ref idref="fl-17"/>
      </object_component>
      <object_component id="oc-155">
         <name>.debug_info</name>
         <load_address>0xbd61</load_address>
         <run_address>0xbd61</run_address>
         <size>0x247</size>
         <input_file_ref idref="fl-17"/>
      </object_component>
      <object_component id="oc-119">
         <name>.debug_info</name>
         <load_address>0xbfa8</load_address>
         <run_address>0xbfa8</run_address>
         <size>0x212</size>
         <input_file_ref idref="fl-18"/>
      </object_component>
      <object_component id="oc-26">
         <name>.debug_info</name>
         <load_address>0xc1ba</load_address>
         <run_address>0xc1ba</run_address>
         <size>0x134</size>
         <input_file_ref idref="fl-13a"/>
      </object_component>
      <object_component id="oc-44">
         <name>.debug_info</name>
         <load_address>0xc2ee</load_address>
         <run_address>0xc2ee</run_address>
         <size>0x121</size>
         <input_file_ref idref="fl-13b"/>
      </object_component>
      <object_component id="oc-15">
         <name>.debug_info</name>
         <load_address>0xc40f</load_address>
         <run_address>0xc40f</run_address>
         <size>0x1c0</size>
         <input_file_ref idref="fl-13b"/>
      </object_component>
      <object_component id="oc-3f">
         <name>.debug_info</name>
         <load_address>0xc5cf</load_address>
         <run_address>0xc5cf</run_address>
         <size>0x46</size>
         <input_file_ref idref="fl-13b"/>
      </object_component>
      <object_component id="oc-d4">
         <name>.debug_info</name>
         <load_address>0xc615</load_address>
         <run_address>0xc615</run_address>
         <size>0x2c</size>
         <input_file_ref idref="fl-13b"/>
      </object_component>
      <object_component id="oc-4c">
         <name>.debug_info</name>
         <load_address>0xc641</load_address>
         <run_address>0xc641</run_address>
         <size>0x115</size>
         <input_file_ref idref="fl-13c"/>
      </object_component>
      <object_component id="oc-46">
         <name>.debug_info</name>
         <load_address>0xc756</load_address>
         <run_address>0xc756</run_address>
         <size>0x228</size>
         <input_file_ref idref="fl-13c"/>
      </object_component>
      <object_component id="oc-19">
         <name>.debug_info</name>
         <load_address>0xc97e</load_address>
         <run_address>0xc97e</run_address>
         <size>0x192</size>
         <input_file_ref idref="fl-13c"/>
      </object_component>
      <object_component id="oc-4d">
         <name>.debug_info</name>
         <load_address>0xcb10</load_address>
         <run_address>0xcb10</run_address>
         <size>0x39</size>
         <input_file_ref idref="fl-13c"/>
      </object_component>
      <object_component id="oc-5d">
         <name>.debug_info</name>
         <load_address>0xcb49</load_address>
         <run_address>0xcb49</run_address>
         <size>0x110</size>
         <input_file_ref idref="fl-13d"/>
      </object_component>
      <object_component id="oc-1f">
         <name>.debug_info</name>
         <load_address>0xcc59</load_address>
         <run_address>0xcc59</run_address>
         <size>0x18b</size>
         <input_file_ref idref="fl-13d"/>
      </object_component>
      <object_component id="oc-58">
         <name>.debug_info</name>
         <load_address>0xcde4</load_address>
         <run_address>0xcde4</run_address>
         <size>0x46</size>
         <input_file_ref idref="fl-13d"/>
      </object_component>
      <object_component id="oc-fe">
         <name>.debug_info</name>
         <load_address>0xce2a</load_address>
         <run_address>0xce2a</run_address>
         <size>0x172</size>
         <input_file_ref idref="fl-13e"/>
      </object_component>
      <object_component id="oc-fb">
         <name>.debug_info</name>
         <load_address>0xcf9c</load_address>
         <run_address>0xcf9c</run_address>
         <size>0x117</size>
         <input_file_ref idref="fl-13e"/>
      </object_component>
      <object_component id="oc-71">
         <name>.debug_info</name>
         <load_address>0xd0b3</load_address>
         <run_address>0xd0b3</run_address>
         <size>0x1ee</size>
         <input_file_ref idref="fl-13e"/>
      </object_component>
      <object_component id="oc-3a">
         <name>.debug_info</name>
         <load_address>0xd2a1</load_address>
         <run_address>0xd2a1</run_address>
         <size>0xf6</size>
         <input_file_ref idref="fl-13f"/>
      </object_component>
      <object_component id="oc-54">
         <name>.debug_info</name>
         <load_address>0xd397</load_address>
         <run_address>0xd397</run_address>
         <size>0x124</size>
         <input_file_ref idref="fl-140"/>
      </object_component>
      <object_component id="oc-5f">
         <name>.debug_info</name>
         <load_address>0xd4bb</load_address>
         <run_address>0xd4bb</run_address>
         <size>0x129</size>
         <input_file_ref idref="fl-141"/>
      </object_component>
      <object_component id="oc-77">
         <name>.debug_info</name>
         <load_address>0xd5e4</load_address>
         <run_address>0xd5e4</run_address>
         <size>0xea</size>
         <input_file_ref idref="fl-142"/>
      </object_component>
      <object_component id="oc-260">
         <name>.debug_info</name>
         <load_address>0xd6ce</load_address>
         <run_address>0xd6ce</run_address>
         <size>0xd1</size>
         <input_file_ref idref="fl-143"/>
      </object_component>
      <object_component id="oc-17e">
         <name>.debug_info</name>
         <load_address>0xd79f</load_address>
         <run_address>0xd79f</run_address>
         <size>0x216</size>
         <input_file_ref idref="fl-143"/>
      </object_component>
      <object_component id="oc-2c8">
         <name>.debug_info</name>
         <load_address>0xd9b5</load_address>
         <run_address>0xd9b5</run_address>
         <size>0xc6</size>
         <input_file_ref idref="fl-144"/>
      </object_component>
      <object_component id="oc-278">
         <name>.debug_info</name>
         <load_address>0xda7b</load_address>
         <run_address>0xda7b</run_address>
         <size>0x225</size>
         <input_file_ref idref="fl-144"/>
      </object_component>
      <object_component id="oc-25e">
         <name>.debug_info</name>
         <load_address>0xdca0</load_address>
         <run_address>0xdca0</run_address>
         <size>0xd1</size>
         <input_file_ref idref="fl-145"/>
      </object_component>
      <object_component id="oc-175">
         <name>.debug_info</name>
         <load_address>0xdd71</load_address>
         <run_address>0xdd71</run_address>
         <size>0x1fe</size>
         <input_file_ref idref="fl-145"/>
      </object_component>
      <object_component id="oc-25a">
         <name>.debug_info</name>
         <load_address>0xdf6f</load_address>
         <run_address>0xdf6f</run_address>
         <size>0xcb</size>
         <input_file_ref idref="fl-146"/>
      </object_component>
      <object_component id="oc-16e">
         <name>.debug_info</name>
         <load_address>0xe03a</load_address>
         <run_address>0xe03a</run_address>
         <size>0x1f7</size>
         <input_file_ref idref="fl-146"/>
      </object_component>
      <object_component id="oc-276">
         <name>.debug_info</name>
         <load_address>0xe231</load_address>
         <run_address>0xe231</run_address>
         <size>0xd7</size>
         <input_file_ref idref="fl-147"/>
      </object_component>
      <object_component id="oc-199">
         <name>.debug_info</name>
         <load_address>0xe308</load_address>
         <run_address>0xe308</run_address>
         <size>0x226</size>
         <input_file_ref idref="fl-147"/>
      </object_component>
      <object_component id="oc-274">
         <name>.debug_info</name>
         <load_address>0xe52e</load_address>
         <run_address>0xe52e</run_address>
         <size>0x126</size>
         <input_file_ref idref="fl-148"/>
      </object_component>
      <object_component id="oc-271">
         <name>.debug_info</name>
         <load_address>0xe654</load_address>
         <run_address>0xe654</run_address>
         <size>0xdb</size>
         <input_file_ref idref="fl-148"/>
      </object_component>
      <object_component id="oc-193">
         <name>.debug_info</name>
         <load_address>0xe72f</load_address>
         <run_address>0xe72f</run_address>
         <size>0x181</size>
         <input_file_ref idref="fl-148"/>
      </object_component>
      <object_component id="oc-244">
         <name>.debug_info</name>
         <load_address>0xe8b0</load_address>
         <run_address>0xe8b0</run_address>
         <size>0x11f</size>
         <input_file_ref idref="fl-149"/>
      </object_component>
      <object_component id="oc-20e">
         <name>.debug_info</name>
         <load_address>0xe9cf</load_address>
         <run_address>0xe9cf</run_address>
         <size>0x105</size>
         <input_file_ref idref="fl-14a"/>
      </object_component>
      <object_component id="oc-f8">
         <name>.debug_info</name>
         <load_address>0xead4</load_address>
         <run_address>0xead4</run_address>
         <size>0xf4</size>
         <input_file_ref idref="fl-14a"/>
      </object_component>
      <object_component id="oc-207">
         <name>.debug_info</name>
         <load_address>0xebc8</load_address>
         <run_address>0xebc8</run_address>
         <size>0x200</size>
         <input_file_ref idref="fl-14a"/>
      </object_component>
      <object_component id="oc-f6">
         <name>.debug_info</name>
         <load_address>0xedc8</load_address>
         <run_address>0xedc8</run_address>
         <size>0x147</size>
         <input_file_ref idref="fl-14b"/>
      </object_component>
      <object_component id="oc-6d">
         <name>.debug_info</name>
         <load_address>0xef0f</load_address>
         <run_address>0xef0f</run_address>
         <size>0x148</size>
         <input_file_ref idref="fl-14b"/>
      </object_component>
      <object_component id="oc-201">
         <name>.debug_info</name>
         <load_address>0xf057</load_address>
         <run_address>0xf057</run_address>
         <size>0x5e</size>
         <input_file_ref idref="fl-14b"/>
      </object_component>
      <object_component id="oc-ee">
         <name>.debug_info</name>
         <load_address>0xf0b5</load_address>
         <run_address>0xf0b5</run_address>
         <size>0x29e</size>
         <input_file_ref idref="fl-14c"/>
      </object_component>
      <object_component id="oc-65">
         <name>.debug_info</name>
         <load_address>0xf353</load_address>
         <run_address>0xf353</run_address>
         <size>0x158</size>
         <input_file_ref idref="fl-14c"/>
      </object_component>
      <object_component id="oc-125">
         <name>.debug_info</name>
         <load_address>0xf4ab</load_address>
         <run_address>0xf4ab</run_address>
         <size>0x39</size>
         <input_file_ref idref="fl-14c"/>
      </object_component>
      <object_component id="oc-12a">
         <name>.debug_info</name>
         <load_address>0xf4e4</load_address>
         <run_address>0xf4e4</run_address>
         <size>0xcd</size>
         <input_file_ref idref="fl-14c"/>
      </object_component>
      <object_component id="oc-122">
         <name>.debug_info</name>
         <load_address>0xf5b1</load_address>
         <run_address>0xf5b1</run_address>
         <size>0x1c1</size>
         <input_file_ref idref="fl-14d"/>
      </object_component>
      <object_component id="oc-e8">
         <name>.debug_info</name>
         <load_address>0xf772</load_address>
         <run_address>0xf772</run_address>
         <size>0x164</size>
         <input_file_ref idref="fl-14d"/>
      </object_component>
      <object_component id="oc-228">
         <name>.debug_info</name>
         <load_address>0xf8d6</load_address>
         <run_address>0xf8d6</run_address>
         <size>0x2c</size>
         <input_file_ref idref="fl-14d"/>
      </object_component>
      <object_component id="oc-2ae">
         <name>.debug_info</name>
         <load_address>0xf902</load_address>
         <run_address>0xf902</run_address>
         <size>0x128</size>
         <input_file_ref idref="fl-14e"/>
      </object_component>
      <object_component id="oc-2c0">
         <name>.debug_info</name>
         <load_address>0xfa2a</load_address>
         <run_address>0xfa2a</run_address>
         <size>0xcc</size>
         <input_file_ref idref="fl-14f"/>
      </object_component>
      <object_component id="oc-26e">
         <name>.debug_info</name>
         <load_address>0xfaf6</load_address>
         <run_address>0xfaf6</run_address>
         <size>0x16e</size>
         <input_file_ref idref="fl-14f"/>
      </object_component>
      <object_component id="oc-2be">
         <name>.debug_info</name>
         <load_address>0xfc64</load_address>
         <run_address>0xfc64</run_address>
         <size>0xd1</size>
         <input_file_ref idref="fl-150"/>
      </object_component>
      <object_component id="oc-265">
         <name>.debug_info</name>
         <load_address>0xfd35</load_address>
         <run_address>0xfd35</run_address>
         <size>0x199</size>
         <input_file_ref idref="fl-150"/>
      </object_component>
      <object_component id="oc-30e">
         <name>.debug_info</name>
         <load_address>0xfece</load_address>
         <run_address>0xfece</run_address>
         <size>0x96</size>
      </object_component>
      <object_component id="oc-120">
         <name>.debug_line</name>
         <load_address>0x0</load_address>
         <run_address>0x0</run_address>
         <size>0x89</size>
         <input_file_ref idref="fl-2"/>
      </object_component>
      <object_component id="oc-11e">
         <name>.debug_line</name>
         <load_address>0x89</load_address>
         <run_address>0x89</run_address>
         <size>0x33</size>
         <input_file_ref idref="fl-2"/>
      </object_component>
      <object_component id="oc-35">
         <name>.debug_line</name>
         <load_address>0xbc</load_address>
         <run_address>0xbc</run_address>
         <size>0xea</size>
         <input_file_ref idref="fl-2"/>
      </object_component>
      <object_component id="oc-c4">
         <name>.debug_line</name>
         <load_address>0x1a6</load_address>
         <run_address>0x1a6</run_address>
         <size>0x20</size>
         <input_file_ref idref="fl-2"/>
      </object_component>
      <object_component id="oc-ca">
         <name>.debug_line</name>
         <load_address>0x1c6</load_address>
         <run_address>0x1c6</run_address>
         <size>0x60</size>
         <input_file_ref idref="fl-2"/>
      </object_component>
      <object_component id="oc-24b">
         <name>.debug_line</name>
         <load_address>0x226</load_address>
         <run_address>0x226</run_address>
         <size>0x60</size>
         <input_file_ref idref="fl-2"/>
      </object_component>
      <object_component id="oc-2e7">
         <name>.debug_line</name>
         <load_address>0x286</load_address>
         <run_address>0x286</run_address>
         <size>0x45</size>
         <input_file_ref idref="fl-3"/>
      </object_component>
      <object_component id="oc-2d3">
         <name>.debug_line</name>
         <load_address>0x2cb</load_address>
         <run_address>0x2cb</run_address>
         <size>0x2c</size>
         <input_file_ref idref="fl-3"/>
      </object_component>
      <object_component id="oc-2d0">
         <name>.debug_line</name>
         <load_address>0x2f7</load_address>
         <run_address>0x2f7</run_address>
         <size>0x6c</size>
         <input_file_ref idref="fl-3"/>
      </object_component>
      <object_component id="oc-2da">
         <name>.debug_line</name>
         <load_address>0x363</load_address>
         <run_address>0x363</run_address>
         <size>0x36</size>
         <input_file_ref idref="fl-3"/>
      </object_component>
      <object_component id="oc-d1">
         <name>.debug_line</name>
         <load_address>0x399</load_address>
         <run_address>0x399</run_address>
         <size>0x20</size>
         <input_file_ref idref="fl-3"/>
      </object_component>
      <object_component id="oc-299">
         <name>.debug_line</name>
         <load_address>0x3b9</load_address>
         <run_address>0x3b9</run_address>
         <size>0x117</size>
         <input_file_ref idref="fl-4"/>
      </object_component>
      <object_component id="oc-291">
         <name>.debug_line</name>
         <load_address>0x4d0</load_address>
         <run_address>0x4d0</run_address>
         <size>0x2d</size>
         <input_file_ref idref="fl-4"/>
      </object_component>
      <object_component id="oc-25c">
         <name>.debug_line</name>
         <load_address>0x4fd</load_address>
         <run_address>0x4fd</run_address>
         <size>0x2d</size>
         <input_file_ref idref="fl-4"/>
      </object_component>
      <object_component id="oc-28f">
         <name>.debug_line</name>
         <load_address>0x52a</load_address>
         <run_address>0x52a</run_address>
         <size>0x2d</size>
         <input_file_ref idref="fl-4"/>
      </object_component>
      <object_component id="oc-29b">
         <name>.debug_line</name>
         <load_address>0x557</load_address>
         <run_address>0x557</run_address>
         <size>0x2d</size>
         <input_file_ref idref="fl-4"/>
      </object_component>
      <object_component id="oc-297">
         <name>.debug_line</name>
         <load_address>0x584</load_address>
         <run_address>0x584</run_address>
         <size>0x2d</size>
         <input_file_ref idref="fl-4"/>
      </object_component>
      <object_component id="oc-29d">
         <name>.debug_line</name>
         <load_address>0x5b1</load_address>
         <run_address>0x5b1</run_address>
         <size>0x2d</size>
         <input_file_ref idref="fl-4"/>
      </object_component>
      <object_component id="oc-f3">
         <name>.debug_line</name>
         <load_address>0x5de</load_address>
         <run_address>0x5de</run_address>
         <size>0x595</size>
         <input_file_ref idref="fl-4"/>
      </object_component>
      <object_component id="oc-e1">
         <name>.debug_line</name>
         <load_address>0xb73</load_address>
         <run_address>0xb73</run_address>
         <size>0x60</size>
         <input_file_ref idref="fl-4"/>
      </object_component>
      <object_component id="oc-cd">
         <name>.debug_line</name>
         <load_address>0xbd3</load_address>
         <run_address>0xbd3</run_address>
         <size>0x34</size>
         <input_file_ref idref="fl-5"/>
      </object_component>
      <object_component id="oc-37">
         <name>.debug_line</name>
         <load_address>0xc07</load_address>
         <run_address>0xc07</run_address>
         <size>0x34</size>
         <input_file_ref idref="fl-5"/>
      </object_component>
      <object_component id="oc-2b">
         <name>.debug_line</name>
         <load_address>0xc3b</load_address>
         <run_address>0xc3b</run_address>
         <size>0x94</size>
         <input_file_ref idref="fl-5"/>
      </object_component>
      <object_component id="oc-2d6">
         <name>.debug_line</name>
         <load_address>0xccf</load_address>
         <run_address>0xccf</run_address>
         <size>0x79</size>
         <input_file_ref idref="fl-6"/>
      </object_component>
      <object_component id="oc-2ca">
         <name>.debug_line</name>
         <load_address>0xd48</load_address>
         <run_address>0xd48</run_address>
         <size>0x36</size>
         <input_file_ref idref="fl-6"/>
      </object_component>
      <object_component id="oc-1a3">
         <name>.debug_line</name>
         <load_address>0xd7e</load_address>
         <run_address>0xd7e</run_address>
         <size>0x9a</size>
         <input_file_ref idref="fl-6"/>
      </object_component>
      <object_component id="oc-2b5">
         <name>.debug_line</name>
         <load_address>0xe18</load_address>
         <run_address>0xe18</run_address>
         <size>0x56</size>
         <input_file_ref idref="fl-7"/>
      </object_component>
      <object_component id="oc-2ac">
         <name>.debug_line</name>
         <load_address>0xe6e</load_address>
         <run_address>0xe6e</run_address>
         <size>0x38</size>
         <input_file_ref idref="fl-7"/>
      </object_component>
      <object_component id="oc-2aa">
         <name>.debug_line</name>
         <load_address>0xea6</load_address>
         <run_address>0xea6</run_address>
         <size>0x38</size>
         <input_file_ref idref="fl-7"/>
      </object_component>
      <object_component id="oc-143">
         <name>.debug_line</name>
         <load_address>0xede</load_address>
         <run_address>0xede</run_address>
         <size>0x283</size>
         <input_file_ref idref="fl-7"/>
      </object_component>
      <object_component id="oc-2dd">
         <name>.debug_line</name>
         <load_address>0x1161</load_address>
         <run_address>0x1161</run_address>
         <size>0xde</size>
         <input_file_ref idref="fl-11"/>
      </object_component>
      <object_component id="oc-1b2">
         <name>.debug_line</name>
         <load_address>0x123f</load_address>
         <run_address>0x123f</run_address>
         <size>0xa7</size>
         <input_file_ref idref="fl-11"/>
      </object_component>
      <object_component id="oc-1b8">
         <name>.debug_line</name>
         <load_address>0x12e6</load_address>
         <run_address>0x12e6</run_address>
         <size>0x91</size>
         <input_file_ref idref="fl-11"/>
      </object_component>
      <object_component id="oc-1e8">
         <name>.debug_line</name>
         <load_address>0x1377</load_address>
         <run_address>0x1377</run_address>
         <size>0x9c</size>
         <input_file_ref idref="fl-11"/>
      </object_component>
      <object_component id="oc-1ac">
         <name>.debug_line</name>
         <load_address>0x1413</load_address>
         <run_address>0x1413</run_address>
         <size>0xa3</size>
         <input_file_ref idref="fl-11"/>
      </object_component>
      <object_component id="oc-1dc">
         <name>.debug_line</name>
         <load_address>0x14b6</load_address>
         <run_address>0x14b6</run_address>
         <size>0x91</size>
         <input_file_ref idref="fl-11"/>
      </object_component>
      <object_component id="oc-1e2">
         <name>.debug_line</name>
         <load_address>0x1547</load_address>
         <run_address>0x1547</run_address>
         <size>0x9b</size>
         <input_file_ref idref="fl-11"/>
      </object_component>
      <object_component id="oc-1d6">
         <name>.debug_line</name>
         <load_address>0x15e2</load_address>
         <run_address>0x15e2</run_address>
         <size>0x91</size>
         <input_file_ref idref="fl-11"/>
      </object_component>
      <object_component id="oc-2a4">
         <name>.debug_line</name>
         <load_address>0x1673</load_address>
         <run_address>0x1673</run_address>
         <size>0x82</size>
         <input_file_ref idref="fl-12"/>
      </object_component>
      <object_component id="oc-2a2">
         <name>.debug_line</name>
         <load_address>0x16f5</load_address>
         <run_address>0x16f5</run_address>
         <size>0x7d</size>
         <input_file_ref idref="fl-12"/>
      </object_component>
      <object_component id="oc-187">
         <name>.debug_line</name>
         <load_address>0x1772</load_address>
         <run_address>0x1772</run_address>
         <size>0x92</size>
         <input_file_ref idref="fl-12"/>
      </object_component>
      <object_component id="oc-1bd">
         <name>.debug_line</name>
         <load_address>0x1804</load_address>
         <run_address>0x1804</run_address>
         <size>0x95</size>
         <input_file_ref idref="fl-12"/>
      </object_component>
      <object_component id="oc-1c9">
         <name>.debug_line</name>
         <load_address>0x1899</load_address>
         <run_address>0x1899</run_address>
         <size>0xd1</size>
         <input_file_ref idref="fl-12"/>
      </object_component>
      <object_component id="oc-136">
         <name>.debug_line</name>
         <load_address>0x196a</load_address>
         <run_address>0x196a</run_address>
         <size>0x93</size>
         <input_file_ref idref="fl-12"/>
      </object_component>
[...]
         <object_component_ref idref="oc-ef"/>
      </symbol>
      <symbol id="sm-178">
         <name>InitUART</name>
         <value>0x26d</value>
         <object_component_ref idref="oc-ef"/>
      </symbol>
      <symbol id="sm-179">
         <name>ProcessRoutine</name>
         <value>0xac5</value>
         <object_component_ref idref="oc-ef"/>
      </symbol>
      <symbol id="sm-17a">
         <name>CIPMUXesp</name>
         <value>0x4db</value>
         <object_component_ref idref="oc-ef"/>
      </symbol>
      <symbol id="sm-17b">
         <name>process</name>
         <value>0x200005e0</value>
         <object_component_ref idref="oc-1ed"/>
      </symbol>
      <symbol id="sm-17c">
         <name>warning_thresh</name>
         <value>0x200005e8</value>
         <object_component_ref idref="oc-1ed"/>
      </symbol>
      <symbol id="sm-17d">
         <name>Substring</name>
         <value>0xbf9</value>
         <object_component_ref idref="oc-ef"/>
      </symbol>
      <symbol id="sm-17e">
         <name>recvString</name>
         <value>0x323</value>
         <object_component_ref idref="oc-ef"/>
      </symbol>
      <symbol id="sm-17f">
         <name>CWMODEesp</name>
         <value>0x475</value>
         <object_component_ref idref="oc-ef"/>
      </symbol>
      <symbol id="sm-180">
         <name>ftoa</name>
         <value>0xdf9</value>
         <object_component_ref idref="oc-ef"/>
      </symbol>
      <symbol id="sm-181">
         <name>CIPSTARTesp</name>
         <value>0x5ed</value>
         <object_component_ref idref="oc-ef"/>
      </symbol>
      <symbol id="sm-182">
         <name>CWJAPesp</name>
         <value>0x497</value>
         <object_component_ref idref="oc-ef"/>
      </symbol>
      <symbol id="sm-183">
         <name>CWQAPesp</name>
         <value>0x4b9</value>
         <object_component_ref idref="oc-ef"/>
      </symbol>
      <symbol id="sm-184">
         <name>mystr</name>
         <value>0x20000280</value>
         <object_component_ref idref="oc-1f8"/>
      </symbol>
      <symbol id="sm-185">
         <name>co2_correction</name>
         <value>0x200005e4</value>
         <object_component_ref idref="oc-1ed"/>
      </symbol>
      <symbol id="sm-186">
         <name>ATGMResp</name>
         <value>0x505</value>
         <object_component_ref idref="oc-ef"/>
      </symbol>
      <symbol id="sm-187">
         <name>CIPSTOesp</name>
         <value>0x5cb</value>
         <object_component_ref idref="oc-ef"/>
      </symbol>
      <symbol id="sm-188">
         <name>main</name>
         <value>0x8e5</value>
         <object_component_ref idref="oc-ef"/>
      </symbol>
      <symbol id="sm-189">
         <name>CIPCLOSEesp</name>
         <value>0x615</value>
         <object_component_ref idref="oc-ef"/>
      </symbol>
      <symbol id="sm-18a">
         <name>SearchIndexOf</name>
         <value>0xc81</value>
         <object_component_ref idref="oc-ef"/>
      </symbol>
      <symbol id="sm-18b">
         <name>ProcessCommand</name>
         <value>0x6d9</value>
         <object_component_ref idref="oc-ef"/>
      </symbol>
      <symbol id="sm-18c">
         <name>aCWLAPesp</name>
         <value>0x577</value>
         <object_component_ref idref="oc-ef"/>
      </symbol>
      <symbol id="sm-18d">
         <name>QuitProcess</name>
         <value>0x753</value>
         <object_component_ref idref="oc-ef"/>
      </symbol>
      <symbol id="sm-18e">
         <name>setup</name>
         <value>0x79b</value>
         <object_component_ref idref="oc-ef"/>
      </symbol>
      <symbol id="sm-18f">
         <name>switchPinConfig</name>
         <value>0x80d</value>
         <object_component_ref idref="oc-ef"/>
      </symbol>
      <symbol id="sm-190">
         <name>CIPSENDesp</name>
         <value>0x637</value>
         <object_component_ref idref="oc-ef"/>
      </symbol>
      <symbol id="sm-191">
         <name>ATesp</name>
         <value>0x431</value>
         <object_component_ref idref="oc-ef"/>
      </symbol>
      <symbol id="sm-192">
         <name>recvFind</name>
         <value>0x391</value>
         <object_component_ref idref="oc-ef"/>
      </symbol>
      <symbol id="sm-193">
         <name>itoa</name>
         <value>0xd69</value>
         <object_component_ref idref="oc-ef"/>
      </symbol>
      <symbol id="sm-194">
         <name>RSTesp</name>
         <value>0x453</value>
         <object_component_ref idref="oc-ef"/>
      </symbol>
      <symbol id="sm-195">
         <name>SendATCommand</name>
         <value>0x2eb</value>
         <object_component_ref idref="oc-ef"/>
      </symbol>
      <symbol id="sm-196">
         <name>recvFindAndFilter</name>
         <value>0x3bf</value>
         <object_component_ref idref="oc-ef"/>
      </symbol>
      <symbol id="sm-197">
         <name>HardwareReset</name>
         <value>0x693</value>
         <object_component_ref idref="oc-ef"/>
      </symbol>
      <symbol id="sm-1b3">
         <name>ResetISR</name>
         <value>0x2149</value>
         <object_component_ref idref="oc-2a"/>
      </symbol>
      <symbol id="sm-1b4">
         <name>g_pfnVectors</name>
         <value>0x0</value>
         <object_component_ref idref="oc-f"/>
      </symbol>
      <symbol id="sm-1d4">
         <name>CmdLineProcess</name>
         <value>0x1795</value>
         <object_component_ref idref="oc-19e"/>
      </symbol>
      <symbol id="sm-238">
         <name>UARTgetc</name>
         <value>0x1023</value>
         <object_component_ref idref="oc-141"/>
      </symbol>
      <symbol id="sm-239">
         <name>UARTgets</name>
         <value>0xf7d</value>
         <object_component_ref idref="oc-141"/>
      </symbol>
      <symbol id="sm-23a">
         <name>UARTStdioConfig</name>
         <value>0xef1</value>
         <object_component_ref idref="oc-141"/>
      </symbol>
      <symbol id="sm-23b">
         <name>UARTwrite</name>
         <value>0xf37</value>
         <object_component_ref idref="oc-141"/>
      </symbol>
      <symbol id="sm-23c">
         <name>UARTprintf</name>
         <value>0x133f</value>
         <object_component_ref idref="oc-141"/>
      </symbol>
      <symbol id="sm-23d">
         <name>UARTvprintf</name>
         <value>0x1045</value>
         <object_component_ref idref="oc-141"/>
      </symbol>
      <symbol id="sm-283">
         <name>ADCProcessorTrigger</name>
         <value>0x1fcd</value>
         <object_component_ref idref="oc-1da"/>
      </symbol>
      <symbol id="sm-284">
         <name>ADCSequenceEnable</name>
         <value>0x20f9</value>
         <object_component_ref idref="oc-1b6"/>
      </symbol>
      <symbol id="sm-285">
         <name>ADCSequenceConfigure</name>
         <value>0x1ded</value>
         <object_component_ref idref="oc-1aa"/>
      </symbol>
      <symbol id="sm-286">
         <name>ADCSequenceStepConfigure</name>
         <value>0x1969</value>
         <object_component_ref idref="oc-1b0"/>
      </symbol>
      <symbol id="sm-287">
         <name>ADCIntClear</name>
         <value>0x2155</value>
         <object_component_ref idref="oc-1d4"/>
      </symbol>
      <symbol id="sm-288">
         <name>ADCIntStatus</name>
         <value>0x1ec9</value>
         <object_component_ref idref="oc-1e0"/>
      </symbol>
      <symbol id="sm-289">
         <name>ADCSequenceDataGet</name>
         <value>0x1f91</value>
         <object_component_ref idref="oc-1e6"/>
      </symbol>
      <symbol id="sm-2db">
         <name>GPIOPinConfigure</name>
         <value>0x1c99</value>
         <object_component_ref idref="oc-12f"/>
      </symbol>
      <symbol id="sm-2dc">
         <name>GPIOPinTypeADC</name>
         <value>0x2091</value>
         <object_component_ref idref="oc-1c2"/>
      </symbol>
      <symbol id="sm-2dd">
         <name>GPIOPinTypeGPIOInput</name>
         <value>0x20a3</value>
         <object_component_ref idref="oc-18c"/>
      </symbol>
      <symbol id="sm-2de">
         <name>GPIOPinTypeUART</name>
         <value>0x20b5</value>
         <object_component_ref idref="oc-135"/>
      </symbol>
      <symbol id="sm-2df">
         <name>GPIOPinTypeGPIOOutput</name>
         <value>0x1fe5</value>
         <object_component_ref idref="oc-180"/>
      </symbol>
      <symbol id="sm-2e0">
         <name>GPIODirModeSet</name>
         <value>0x1ef7</value>
         <object_component_ref idref="oc-1bc"/>
      </symbol>
      <symbol id="sm-2e1">
         <name>GPIOPinWrite</name>
         <value>0x2183</value>
         <object_component_ref idref="oc-186"/>
      </symbol>
      <symbol id="sm-2e2">
         <name>GPIOPadConfigSet</name>
         <value>0x1375</value>
         <object_component_ref idref="oc-1c8"/>
      </symbol>
      <symbol id="sm-312">
         <name>IntEnable</name>
         <value>0x1b35</value>
         <object_component_ref idref="oc-9f"/>
      </symbol>
      <symbol id="sm-313">
         <name>IntMasterEnable</name>
         <value>0x20d9</value>
         <object_component_ref idref="oc-b1"/>
      </symbol>
      <symbol id="sm-370">
         <name>SysCtlPeripheralPresent</name>
         <value>0x1e2d</value>
         <object_component_ref idref="oc-235"/>
      </symbol>
      <symbol id="sm-371">
         <name>SysCtlClockSet</name>
         <value>0x15b9</value>
         <object_component_ref idref="oc-1a4"/>
      </symbol>
      <symbol id="sm-372">
         <name>SysCtlDelay</name>
         <value>0x2189</value>
         <object_component_ref idref="oc-1ec"/>
      </symbol>
      <symbol id="sm-373">
         <name>SysCtlPeripheralEnable</name>
         <value>0x1e65</value>
         <object_component_ref idref="oc-87"/>
      </symbol>
      <symbol id="sm-374">
         <name>SysCtlClockGet</name>
         <value>0x14a9</value>
         <object_component_ref idref="oc-93"/>
      </symbol>
      <symbol id="sm-38d">
         <name>SysTickEnable</name>
         <value>0x202d</value>
         <object_component_ref idref="oc-81"/>
      </symbol>
      <symbol id="sm-38e">
         <name>SysTickPeriodSet</name>
         <value>0x20e9</value>
         <object_component_ref idref="oc-7b"/>
      </symbol>
      <symbol id="sm-3c2">
         <name>TimerLoadSet</name>
         <value>0x20c7</value>
         <object_component_ref idref="oc-99"/>
      </symbol>
      <symbol id="sm-3c3">
         <name>TimerEnable</name>
         <value>0x2107</value>
         <object_component_ref idref="oc-ab"/>
      </symbol>
      <symbol id="sm-3c4">
         <name>TimerIntEnable</name>
         <value>0x2173</value>
         <object_component_ref idref="oc-a5"/>
      </symbol>
      <symbol id="sm-3c5">
         <name>TimerConfigure</name>
         <value>0x1b9d</value>
         <object_component_ref idref="oc-8d"/>
      </symbol>
      <symbol id="sm-3c6">
         <name>TimerIntClear</name>
         <value>0x219b</value>
         <object_component_ref idref="oc-b7"/>
      </symbol>
      <symbol id="sm-411">
         <name>UARTConfigSetExpClk</name>
         <value>0x1ce1</value>
         <object_component_ref idref="oc-147"/>
      </symbol>
      <symbol id="sm-412">
         <name>UARTDisable</name>
         <value>0x1f71</value>
         <object_component_ref idref="oc-24d"/>
      </symbol>
      <symbol id="sm-413">
         <name>UARTBusy</name>
         <value>0x217b</value>
         <object_component_ref idref="oc-153"/>
      </symbol>
      <symbol id="sm-414">
         <name>UARTCharsAvail</name>
         <value>0x2115</value>
         <object_component_ref idref="oc-165"/>
      </symbol>
      <symbol id="sm-415">
         <name>UARTClockSourceSet</name>
         <value>0x218f</value>
         <object_component_ref idref="oc-13b"/>
      </symbol>
      <symbol id="sm-416">
         <name>UARTCharPut</name>
         <value>0x2169</value>
         <object_component_ref idref="oc-159"/>
      </symbol>
      <symbol id="sm-417">
         <name>UARTEnable</name>
         <value>0x2041</value>
         <object_component_ref idref="oc-14d"/>
      </symbol>
      <symbol id="sm-418">
         <name>UARTCharGet</name>
         <value>0x215f</value>
         <object_component_ref idref="oc-15f"/>
      </symbol>
      <symbol id="sm-422">
         <name>CPUcpsie</name>
         <value>0x2131</value>
         <object_component_ref idref="oc-115"/>
      </symbol>
      <symbol id="sm-434">
         <name>_c_int00</name>
         <value>0x1bfd</value>
         <object_component_ref idref="oc-24"/>
      </symbol>
      <symbol id="sm-435">
         <name>__stack</name>
         <value>0x200003bc</value>
         <object_component_ref idref="oc-29"/>
      </symbol>
      <symbol id="sm-44c">
         <name>__TI_decompress_none</name>
         <value>0x2123</value>
         <object_component_ref idref="oc-12"/>
      </symbol>
      <symbol id="sm-46f">
         <name>__TI_decompress_rle24</name>
         <value>0x2195</value>
         <object_component_ref idref="oc-18"/>
      </symbol>
      <symbol id="sm-481">
         <name>__TI_zero_init</name>
         <value>0x213d</value>
         <object_component_ref idref="oc-1e"/>
      </symbol>
      <symbol id="sm-4a0">
         <name>C$$EXIT</name>
         <value>0x1d29</value>
         <object_component_ref idref="oc-70"/>
      </symbol>
      <symbol id="sm-4a1">
         <name>abort</name>
         <value>0x1d2d</value>
         <object_component_ref idref="oc-70"/>
      </symbol>
      <symbol id="sm-4a2">
         <name>exit</name>
         <value>0x1d35</value>
         <object_component_ref idref="oc-70"/>
      </symbol>
      <symbol id="sm-4a3">
         <name>__TI_dtors_ptr</name>
         <value>0x200005fc</value>
         <object_component_ref idref="oc-fa"/>
      </symbol>
      <symbol id="sm-4a4">
         <name>__TI_cleanup_ptr</name>
         <value>0x200005f8</value>
         <object_component_ref idref="oc-fa"/>
      </symbol>
      <symbol id="sm-4bf">
         <name>memcpy</name>
         <value>0x1841</value>
         <object_component_ref idref="oc-39"/>
      </symbol>
      <symbol id="sm-4c0">
         <name>__aeabi_memcpy</name>
         <value>0x1841</value>
         <object_component_ref idref="oc-39"/>
      </symbol>
      <symbol id="sm-4c1">
         <name>__aeabi_memcpy8</name>
         <value>0x1841</value>
         <object_component_ref idref="oc-39"/>
      </symbol>
      <symbol id="sm-4c2">
         <name>__aeabi_memcpy4</name>
         <value>0x1841</value>
         <object_component_ref idref="oc-39"/>
      </symbol>
      <symbol id="sm-4d1">
         <name>__aeabi_memset</name>
         <value>0x19e5</value>
         <object_component_ref idref="oc-52"/>
      </symbol>
      <symbol id="sm-4d2">
         <name>memset</name>
         <value>0x19eb</value>
         <object_component_ref idref="oc-52"/>
      </symbol>
      <symbol id="sm-4d3">
         <name>__aeabi_memset8</name>
         <value>0x19e5</value>
         <object_component_ref idref="oc-52"/>
      </symbol>
      <symbol id="sm-4d4">
         <name>__aeabi_memset4</name>
         <value>0x19e5</value>
         <object_component_ref idref="oc-52"/>
      </symbol>
      <symbol id="sm-4d5">
         <name>__aeabi_memclr8</name>
         <value>0x19e3</value>
         <object_component_ref idref="oc-52"/>
      </symbol>
      <symbol id="sm-4d6">
         <name>__aeabi_memclr4</name>
         <value>0x19e3</value>
         <object_component_ref idref="oc-52"/>
      </symbol>
      <symbol id="sm-4d7">
         <name>__aeabi_memclr</name>
         <value>0x19e3</value>
         <object_component_ref idref="oc-52"/>
      </symbol>
      <symbol id="sm-4e1">
         <name>_system_pre_init</name>
         <value>0x219f</value>
         <object_component_ref idref="oc-5e"/>
      </symbol>
      <symbol id="sm-4e9">
         <name>main_func_sp</name>
         <value>0x2000060c</value>
         <object_component_ref idref="oc-76"/>
      </symbol>
      <symbol id="sm-4f9">
         <name>strcat</name>
         <value>0x1faf</value>
         <object_component_ref idref="oc-17a"/>
      </symbol>
      <symbol id="sm-508">
         <name>strcmp</name>
         <value>0x2015</value>
         <object_component_ref idref="oc-277"/>
      </symbol>
      <symbol id="sm-516">
         <name>strcpy</name>
         <value>0x2069</value>
         <object_component_ref idref="oc-174"/>
      </symbol>
      <symbol id="sm-524">
         <name>strlen</name>
         <value>0x207d</value>
         <object_component_ref idref="oc-16b"/>
      </symbol>
      <symbol id="sm-534">
         <name>strncpy</name>
         <value>0x1e99</value>
         <object_component_ref idref="oc-198"/>
      </symbol>
      <symbol id="sm-54c">
         <name>strtok</name>
         <value>0x1d6d</value>
         <object_component_ref idref="oc-192"/>
      </symbol>
      <symbol id="sm-55e">
         <name>__aeabi_uidivmod</name>
         <value>0x1dad</value>
         <object_component_ref idref="oc-241"/>
      </symbol>
      <symbol id="sm-55f">
         <name>__aeabi_uidiv</name>
         <value>0x1dad</value>
         <object_component_ref idref="oc-241"/>
      </symbol>
      <symbol id="sm-578">
         <name>_nop</name>
         <value>0x2063</value>
         <object_component_ref idref="oc-206"/>
      </symbol>
      <symbol id="sm-579">
         <name>_lock</name>
         <value>0x200005f0</value>
         <object_component_ref idref="oc-f7"/>
      </symbol>
      <symbol id="sm-57a">
         <name>_unlock</name>
         <value>0x200005f4</value>
         <object_component_ref idref="oc-f7"/>
      </symbol>
      <symbol id="sm-57b">
         <name>_register_lock</name>
         <value>0x205b</value>
         <object_component_ref idref="oc-206"/>
      </symbol>
      <symbol id="sm-57c">
         <name>_register_unlock</name>
         <value>0x2055</value>
         <object_component_ref idref="oc-206"/>
      </symbol>
      <symbol id="sm-591">
         <name>_args_main</name>
         <value>0x1ffd</value>
         <object_component_ref idref="oc-6a"/>
      </symbol>
      <symbol id="sm-5b7">
         <name>__TI_auto_init</name>
         <value>0x1a5d</value>
         <object_component_ref idref="oc-64"/>
      </symbol>
      <symbol id="sm-5d1">
         <name>copy_in</name>
         <value>0x1c4d</value>
         <object_component_ref idref="oc-e7"/>
      </symbol>
      <symbol id="sm-5db">
         <name>__aeabi_idiv0</name>
         <value>0x14a7</value>
         <object_component_ref idref="oc-2ad"/>
      </symbol>
      <symbol id="sm-5ec">
         <name>strcspn</name>
         <value>0x1f4b</value>
         <object_component_ref idref="oc-26a"/>
      </symbol>
      <symbol id="sm-5fe">
         <name>strspn</name>
         <value>0x1f21</value>
         <object_component_ref idref="oc-264"/>
      </symbol>
      <symbol id="sm-5ff">
         <name>__TI_static_base__</name>
         <value>0x0</value>
      </symbol>
      <symbol id="sm-602">
         <name>SHT$$INIT_ARRAY$$Limit</name>
         <value>0x0</value>
      </symbol>
      <symbol id="sm-603">
         <name>SHT$$INIT_ARRAY$$Base</name>
         <value>0x0</value>
      </symbol>
   </symbol_table>
   <title>Link successful</title>
</link_info>
