******************************************************************************
                  TI ARM Linker PC v5.2.5                      
******************************************************************************
>> Linked Fri Apr 15 00:35:44 2016

OUTPUT FILE NAME:   <lab1.out>
ENTRY POINT SYMBOL: "_c_int00"  address: 0000079d


MEMORY CONFIGURATION

         name            origin    length      used     unused   attr    fill
----------------------  --------  ---------  --------  --------  ----  --------
  FLASH                 00000000   00040000  00000988  0003f678  R  X
  SRAM                  20000000   00008000  00000218  00007de8  RW X


SEGMENT ALLOCATION MAP

run origin  load origin   length   init length attrs members
----------  ----------- ---------- ----------- ----- -------
00000000    00000000    00000988   00000988    r-x
  00000000    00000000    0000026c   0000026c    r-- .intvecs
  0000026c    0000026c    000006fc   000006fc    r-x .text
  00000968    00000968    00000020   00000020    r-- .cinit
20000000    20000000    00000218   00000000    rw-
  20000000    20000000    00000200   00000000    rw- .stack
  20000200    20000200    00000018   00000000    rw- .data


SECTION ALLOCATION MAP

 output                                  attributes/
section   page    origin      length       input sections
--------  ----  ----------  ----------   ----------------
.intvecs   0    00000000    0000026c     
                  00000000    0000026c     tm4c123gh6pm_startup_ccs.obj (.intvecs)

.text      0    0000026c    000006fc     
                  0000026c    00000132     driverlib.lib : gpio.obj (.text:GPIOPadConfigSet)
                  0000039e    00000002     --HOLE-- [fill = 0]
                  000003a0    00000118     lab-0.obj (.text)
                  000004b8    000000f4     driverlib.lib : sysctl.obj (.text:SysCtlClockSet)
                  000005ac    0000009c     rtsv7M4_T_le_v4SPD16_eabi.lib : memcpy_t2.obj (.text)
                  00000648    0000007a                                   : memset_t2.obj (.text)
                  000006c2    00000002     --HOLE-- [fill = 0]
                  000006c4    0000006c                                   : autoinit.obj (.text)
                  00000730    0000006a                                   : copy_decompress_rle.obj (.text)
                  0000079a    00000002     --HOLE-- [fill = 0]
                  0000079c    00000050                                   : boot.obj (.text)
                  000007ec    0000004c                                   : cpy_tbl.obj (.text)
                  00000838    00000044                                   : exit.obj (.text)
                  0000087c    00000034     driverlib.lib : sysctl.obj (.text:SysCtlPeripheralEnable)
                  000008b0    0000002a                   : gpio.obj (.text:GPIODirModeSet)
                  000008da    00000018                   : gpio.obj (.text:GPIOPinTypeGPIOOutput)
                  000008f2    00000002     --HOLE-- [fill = 0]
                  000008f4    00000018     rtsv7M4_T_le_v4SPD16_eabi.lib : args_main.obj (.text)
                  0000090c    00000014                                   : _lock.obj (.text)
                  00000920    00000012     driverlib.lib : gpio.obj (.text:GPIOPinTypeGPIOInput)
                  00000932    0000000e     rtsv7M4_T_le_v4SPD16_eabi.lib : copy_decompress_none.obj (.text:decompress:none)
                  00000940    0000000c     tm4c123gh6pm_startup_ccs.obj (.text)
                  0000094c    00000006     driverlib.lib : gpio.obj (.text:GPIOPinRead)
                  00000952    00000006                   : gpio.obj (.text:GPIOPinWrite)
                  00000958    00000006                   : sysctl.obj (.text:SysCtlDelay)
                  0000095e    00000006     rtsv7M4_T_le_v4SPD16_eabi.lib : copy_decompress_rle.obj (.text:decompress:rle24)
                  00000964    00000004                                   : pre_init.obj (.text)

.cinit     0    00000968    00000020     
                  00000968    0000000f     (.cinit..data.load) [load image, compression = rle]
                  00000977    00000001     --HOLE-- [fill = 0]
                  00000978    00000008     (__TI_handler_table)
                  00000980    00000008     (__TI_cinit_table)

.init_array 
*          0    00000000    00000000     UNINITIALIZED

.stack     0    20000000    00000200     UNINITIALIZED
                  20000000    00000200     --HOLE--

.data      0    20000200    00000018     UNINITIALIZED
                  20000200    00000008     rtsv7M4_T_le_v4SPD16_eabi.lib : _lock.obj (.data)
                  20000208    00000008                                   : exit.obj (.data)
                  20000210    00000004     lab-0.obj (.data)
                  20000214    00000004     rtsv7M4_T_le_v4SPD16_eabi.lib : stkdepth_vars.obj (.data)

.TI.persistent 
*          0    20000200    00000000     UNINITIALIZED


LINKER GENERATED COPY TABLES

__TI_cinit_table @ 00000980 records: 1, size/record: 8, table size: 8
	.data: load addr=00000968, load size=0000000f bytes, run addr=20000200, run size=00000018 bytes, compression=rle


LINKER GENERATED HANDLER TABLE

__TI_handler_table @ 00000978 records: 2, size/record: 4, table size: 8
	index: 0, handler: __TI_decompress_rle24
	index: 1, handler: __TI_decompress_none


GLOBAL SYMBOLS: SORTED ALPHABETICALLY BY Name 

address   name                    
-------   ----                    
00000839  C$$EXIT                 
000008b1  GPIODirModeSet          
0000026d  GPIOPadConfigSet        
0000094d  GPIOPinRead             
00000921  GPIOPinTypeGPIOInput    
000008db  GPIOPinTypeGPIOOutput   
00000953  GPIOPinWrite            
00000941  ResetISR                
UNDEFED   SHT$$INIT_ARRAY$$Base   
UNDEFED   SHT$$INIT_ARRAY$$Limit  
000004b9  SysCtlClockSet          
00000959  SysCtlDelay             
0000087d  SysCtlPeripheralEnable  
20000200  __STACK_END             
00000200  __STACK_SIZE            
20000200  __STACK_TOP             
00000980  __TI_CINIT_Base         
00000988  __TI_CINIT_Limit        
00000978  __TI_Handler_Table_Base 
00000980  __TI_Handler_Table_Limit
000006c5  __TI_auto_init          
20000208  __TI_cleanup_ptr        
00000933  __TI_decompress_none    
0000095f  __TI_decompress_rle24   
2000020c  __TI_dtors_ptr          
00000000  __TI_static_base__      
00000649  __aeabi_memclr          
00000649  __aeabi_memclr4         
00000649  __aeabi_memclr8         
000005ad  __aeabi_memcpy          
000005ad  __aeabi_memcpy4         
000005ad  __aeabi_memcpy8         
0000064b  __aeabi_memset          
0000064b  __aeabi_memset4         
0000064b  __aeabi_memset8         
ffffffff  __binit__               
ffffffff  __c_args__              
20000000  __stack                 
000008f5  _args_main              
0000079d  _c_int00                
20000200  _lock                   
0000091b  _nop                    
00000913  _register_lock          
0000090d  _register_unlock        
00000965  _system_pre_init        
20000204  _unlock                 
0000083d  abort                   
ffffffff  binit                   
000007ed  copy_in                 
00000845  exit                    
00000000  g_pfnVectors            
000003b1  ledPinConfig            
00000409  main                    
20000214  main_func_sp            
000005ad  memcpy                  
00000651  memset                  
000003a1  setup                   
20000210  sw2mode                 
000003bd  switchPinConfig         


GLOBAL SYMBOLS: SORTED BY Symbol Address 

address   name                    
-------   ----                    
00000000  __TI_static_base__      
00000000  g_pfnVectors            
00000200  __STACK_SIZE            
0000026d  GPIOPadConfigSet        
000003a1  setup                   
000003b1  ledPinConfig            
000003bd  switchPinConfig         
00000409  main                    
000004b9  SysCtlClockSet          
000005ad  __aeabi_memcpy          
000005ad  __aeabi_memcpy4         
000005ad  __aeabi_memcpy8         
000005ad  memcpy                  
00000649  __aeabi_memclr          
00000649  __aeabi_memclr4         
00000649  __aeabi_memclr8         
0000064b  __aeabi_memset          
0000064b  __aeabi_memset4         
0000064b  __aeabi_memset8         
00000651  memset                  
000006c5  __TI_auto_init          
0000079d  _c_int00                
000007ed  copy_in                 
00000839  C$$EXIT                 
0000083d  abort                   
00000845  exit                    
0000087d  SysCtlPeripheralEnable  
000008b1  GPIODirModeSet          
000008db  GPIOPinTypeGPIOOutput   
000008f5  _args_main              
0000090d  _register_unlock        
00000913  _register_lock          
0000091b  _nop                    
00000921  GPIOPinTypeGPIOInput    
00000933  __TI_decompress_none    
00000941  ResetISR                
0000094d  GPIOPinRead             
00000953  GPIOPinWrite            
00000959  SysCtlDelay             
0000095f  __TI_decompress_rle24   
00000965  _system_pre_init        
00000978  __TI_Handler_Table_Base 
00000980  __TI_CINIT_Base         
00000980  __TI_Handler_Table_Limit
00000988  __TI_CINIT_Limit        
20000000  __stack                 
20000200  __STACK_END             
20000200  __STACK_TOP             
20000200  _lock                   
20000204  _unlock                 
20000208  __TI_cleanup_ptr        
2000020c  __TI_dtors_ptr          
20000210  sw2mode                 
20000214  main_func_sp            
ffffffff  __binit__               
ffffffff  __c_args__              
ffffffff  binit                   
UNDEFED   SHT$$INIT_ARRAY$$Base   
UNDEFED   SHT$$INIT_ARRAY$$Limit  

[59 symbols]
