******************************************************************************
                  TI ARM Linker PC v5.2.5                      
******************************************************************************
>> Linked Tue Apr 05 17:44:53 2016

OUTPUT FILE NAME:   <lab-3.out>
ENTRY POINT SYMBOL: "_c_int00"  address: 00000835


MEMORY CONFIGURATION

         name            origin    length      used     unused   attr    fill
----------------------  --------  ---------  --------  --------  ----  --------
  FLASH                 00000000   00040000  00000adc  0003f524  R  X
  SRAM                  20000000   00008000  00000230  00007dd0  RW X


SEGMENT ALLOCATION MAP

run origin  load origin   length   init length attrs members
----------  ----------- ---------- ----------- ----- -------
00000000    00000000    00000ae0   00000ae0    r-x
  00000000    00000000    0000026c   0000026c    r-- .intvecs
  0000026c    0000026c    00000838   00000838    r-x .text
  00000aa8    00000aa8    00000038   00000038    r-- .cinit
20000000    20000000    00000230   00000000    rw-
  20000000    20000000    00000200   00000000    rw- .stack
  20000200    20000200    00000018   00000000    rw- .bss
  20000218    20000218    00000018   00000000    rw- .data


SECTION ALLOCATION MAP

 output                                  attributes/
section   page    origin      length       input sections
--------  ----  ----------  ----------   ----------------
.intvecs   0    00000000    0000026c     
                  00000000    0000026c     tm4c123gh6pm_startup_ccs.obj (.intvecs)

.text      0    0000026c    00000838     
                  0000026c    00000138     main.obj (.text)
                  000003a4    00000132     driverlib.lib : gpio.obj (.text:GPIOPadConfigSet)
                  000004d6    00000002     --HOLE-- [fill = 0]
                  000004d8    000000f4                   : sysctl.obj (.text:SysCtlClockSet)
                  000005cc    0000009c     rtsv7M4_T_le_v4SPD16_eabi.lib : memcpy_t2.obj (.text)
                  00000668    0000007a     driverlib.lib : adc.obj (.text:ADCSequenceStepConfigure)
                  000006e2    0000007a     rtsv7M4_T_le_v4SPD16_eabi.lib : memset_t2.obj (.text)
                  0000075c    0000006c                                   : autoinit.obj (.text)
                  000007c8    0000006a                                   : copy_decompress_rle.obj (.text)
                  00000832    00000002     --HOLE-- [fill = 0]
                  00000834    00000050                                   : boot.obj (.text)
                  00000884    0000004c                                   : cpy_tbl.obj (.text)
                  000008d0    00000044                                   : exit.obj (.text)
                  00000914    0000003e     driverlib.lib : adc.obj (.text:ADCSequenceConfigure)
                  00000952    00000002     --HOLE-- [fill = 0]
                  00000954    00000034                   : sysctl.obj (.text:SysCtlPeripheralEnable)
                  00000988    0000002e                   : adc.obj (.text:ADCIntStatus)
                  000009b6    0000002a                   : gpio.obj (.text:GPIODirModeSet)
                  000009e0    0000001e                   : adc.obj (.text:ADCSequenceDataGet)
                  000009fe    00000018                   : adc.obj (.text:ADCProcessorTrigger)
                  00000a16    00000002     --HOLE-- [fill = 0]
                  00000a18    00000018     rtsv7M4_T_le_v4SPD16_eabi.lib : args_main.obj (.text)
                  00000a30    00000014                                   : _lock.obj (.text)
                  00000a44    00000012     driverlib.lib : gpio.obj (.text:GPIOPinTypeADC)
                  00000a56    0000000e                   : adc.obj (.text:ADCSequenceEnable)
                  00000a64    0000000e     rtsv7M4_T_le_v4SPD16_eabi.lib : copy_decompress_none.obj (.text:decompress:none)
                  00000a72    0000000c                                   : copy_zero_init.obj (.text:decompress:ZI)
                  00000a7e    0000000c     tm4c123gh6pm_startup_ccs.obj (.text)
                  00000a8a    0000000a     driverlib.lib : adc.obj (.text:ADCIntClear)
                  00000a94    00000006                   : sysctl.obj (.text:SysCtlDelay)
                  00000a9a    00000006     rtsv7M4_T_le_v4SPD16_eabi.lib : copy_decompress_rle.obj (.text:decompress:rle24)
                  00000aa0    00000004                                   : pre_init.obj (.text)

.cinit     0    00000aa8    00000038     
                  00000aa8    00000013     (.cinit..data.load) [load image, compression = rle]
                  00000abb    00000001     --HOLE-- [fill = 0]
                  00000abc    0000000c     (__TI_handler_table)
                  00000ac8    00000008     (.cinit..bss.load) [load image, compression = zero_init]
                  00000ad0    00000010     (__TI_cinit_table)

.init_array 
*          0    00000000    00000000     UNINITIALIZED

.stack     0    20000000    00000200     UNINITIALIZED
                  20000000    00000200     --HOLE--

.bss       0    20000200    00000018     UNINITIALIZED
                  20000200    00000004     (.common:co2_level_1)
                  20000204    00000004     (.common:co2_level_2)
                  20000208    00000004     (.common:sensor1)
                  2000020c    00000004     (.common:sensor2)
                  20000210    00000004     (.common:v1)
                  20000214    00000004     (.common:v2)

.TI.noinit 
*          0    20000200    00000000     UNINITIALIZED

.data      0    20000218    00000018     UNINITIALIZED
                  20000218    00000008     rtsv7M4_T_le_v4SPD16_eabi.lib : _lock.obj (.data)
                  20000220    00000008                                   : exit.obj (.data)
                  20000228    00000004     main.obj (.data)
                  2000022c    00000004     rtsv7M4_T_le_v4SPD16_eabi.lib : stkdepth_vars.obj (.data)

.TI.persistent 
*          0    20000218    00000000     UNINITIALIZED


LINKER GENERATED COPY TABLES

__TI_cinit_table @ 00000ad0 records: 2, size/record: 8, table size: 16
	.data: load addr=00000aa8, load size=00000013 bytes, run addr=20000218, run size=00000018 bytes, compression=rle
	.bss: load addr=00000ac8, load size=00000008 bytes, run addr=20000200, run size=00000018 bytes, compression=zero_init


LINKER GENERATED HANDLER TABLE

__TI_handler_table @ 00000abc records: 3, size/record: 4, table size: 12
	index: 0, handler: __TI_decompress_rle24
	index: 1, handler: __TI_decompress_none
	index: 2, handler: __TI_zero_init


GLOBAL SYMBOLS: SORTED ALPHABETICALLY BY Name 

address   name                    
-------   ----                    
00000a8b  ADCIntClear             
00000989  ADCIntStatus            
000009ff  ADCProcessorTrigger     
00000915  ADCSequenceConfigure    
000009e1  ADCSequenceDataGet      
00000a57  ADCSequenceEnable       
00000669  ADCSequenceStepConfigure
000008d1  C$$EXIT                 
000009b7  GPIODirModeSet          
000003a5  GPIOPadConfigSet        
00000a45  GPIOPinTypeADC          
00000a7f  ResetISR                
UNDEFED   SHT$$INIT_ARRAY$$Base   
UNDEFED   SHT$$INIT_ARRAY$$Limit  
000004d9  SysCtlClockSet          
00000a95  SysCtlDelay             
00000955  SysCtlPeripheralEnable  
20000200  __STACK_END             
00000200  __STACK_SIZE            
20000200  __STACK_TOP             
00000ad0  __TI_CINIT_Base         
00000ae0  __TI_CINIT_Limit        
00000abc  __TI_Handler_Table_Base 
00000ac8  __TI_Handler_Table_Limit
0000075d  __TI_auto_init          
20000220  __TI_cleanup_ptr        
00000a65  __TI_decompress_none    
00000a9b  __TI_decompress_rle24   
20000224  __TI_dtors_ptr          
00000000  __TI_static_base__      
00000a73  __TI_zero_init          
000006e3  __aeabi_memclr          
000006e3  __aeabi_memclr4         
000006e3  __aeabi_memclr8         
000005cd  __aeabi_memcpy          
000005cd  __aeabi_memcpy4         
000005cd  __aeabi_memcpy8         
000006e5  __aeabi_memset          
000006e5  __aeabi_memset4         
000006e5  __aeabi_memset8         
ffffffff  __binit__               
ffffffff  __c_args__              
20000000  __stack                 
00000a19  _args_main              
00000835  _c_int00                
20000218  _lock                   
00000a3f  _nop                    
00000a37  _register_lock          
00000a31  _register_unlock        
00000aa1  _system_pre_init        
2000021c  _unlock                 
000008d5  abort                   
ffffffff  binit                   
20000228  co2_correction          
20000200  co2_level_1             
20000204  co2_level_2             
00000885  copy_in                 
000008dd  exit                    
00000000  g_pfnVectors            
000002e5  main                    
2000022c  main_func_sp            
000005cd  memcpy                  
000006eb  memset                  
20000208  sensor1                 
2000020c  sensor2                 
0000026d  setup                   
000002c3  switchPinConfig         
20000210  v1                      
20000214  v2                      


GLOBAL SYMBOLS: SORTED BY Symbol Address 

address   name                    
-------   ----                    
00000000  __TI_static_base__      
00000000  g_pfnVectors            
00000200  __STACK_SIZE            
0000026d  setup                   
000002c3  switchPinConfig         
000002e5  main                    
000003a5  GPIOPadConfigSet        
000004d9  SysCtlClockSet          
000005cd  __aeabi_memcpy          
000005cd  __aeabi_memcpy4         
000005cd  __aeabi_memcpy8         
000005cd  memcpy                  
00000669  ADCSequenceStepConfigure
000006e3  __aeabi_memclr          
000006e3  __aeabi_memclr4         
000006e3  __aeabi_memclr8         
000006e5  __aeabi_memset          
000006e5  __aeabi_memset4         
000006e5  __aeabi_memset8         
000006eb  memset                  
0000075d  __TI_auto_init          
00000835  _c_int00                
00000885  copy_in                 
000008d1  C$$EXIT                 
000008d5  abort                   
000008dd  exit                    
00000915  ADCSequenceConfigure    
00000955  SysCtlPeripheralEnable  
00000989  ADCIntStatus            
000009b7  GPIODirModeSet          
000009e1  ADCSequenceDataGet      
000009ff  ADCProcessorTrigger     
00000a19  _args_main              
00000a31  _register_unlock        
00000a37  _register_lock          
00000a3f  _nop                    
00000a45  GPIOPinTypeADC          
00000a57  ADCSequenceEnable       
00000a65  __TI_decompress_none    
00000a73  __TI_zero_init          
00000a7f  ResetISR                
00000a8b  ADCIntClear             
00000a95  SysCtlDelay             
00000a9b  __TI_decompress_rle24   
00000aa1  _system_pre_init        
00000abc  __TI_Handler_Table_Base 
00000ac8  __TI_Handler_Table_Limit
00000ad0  __TI_CINIT_Base         
00000ae0  __TI_CINIT_Limit        
20000000  __stack                 
20000200  __STACK_END             
20000200  __STACK_TOP             
20000200  co2_level_1             
20000204  co2_level_2             
20000208  sensor1                 
2000020c  sensor2                 
20000210  v1                      
20000214  v2                      
20000218  _lock                   
2000021c  _unlock                 
20000220  __TI_cleanup_ptr        
20000224  __TI_dtors_ptr          
20000228  co2_correction          
2000022c  main_func_sp            
ffffffff  __binit__               
ffffffff  __c_args__              
ffffffff  binit                   
UNDEFED   SHT$$INIT_ARRAY$$Base   
UNDEFED   SHT$$INIT_ARRAY$$Limit  

[69 symbols]
