******************************************************************************
                  TI ARM Linker PC v5.2.5                      
******************************************************************************
>> Linked Thu Apr 14 23:03:38 2016

OUTPUT FILE NAME:   <lab1.out>
ENTRY POINT SYMBOL: "_c_int00"  address: 00000a55


MEMORY CONFIGURATION

         name            origin    length      used     unused   attr    fill
----------------------  --------  ---------  --------  --------  ----  --------
  FLASH                 00000000   00040000  00000d6c  0003f294  R  X
  SRAM                  20000000   00008000  00000228  00007dd8  RW X


SEGMENT ALLOCATION MAP

run origin  load origin   length   init length attrs members
----------  ----------- ---------- ----------- ----- -------
00000000    00000000    00000d70   00000d70    r-x
  00000000    00000000    0000026c   0000026c    r-- .intvecs
  0000026c    0000026c    000009fc   000009fc    r-x .text
  00000c68    00000c68    000000dc   000000dc    r-- .const
  00000d48    00000d48    00000028   00000028    r-- .cinit
20000000    20000000    00000228   00000000    rw-
  20000000    20000000    00000200   00000000    rw- .stack
  20000200    20000200    00000028   00000000    rw- .data


SECTION ALLOCATION MAP

 output                                  attributes/
section   page    origin      length       input sections
--------  ----  ----------  ----------   ----------------
.intvecs   0    00000000    0000026c     
                  00000000    0000026c     tm4c123gh6pm_startup_ccs.obj (.intvecs)

.text      0    0000026c    000009fc     
                  0000026c    000001f8     lab-0.obj (.text)
                  00000464    00000132     driverlib.lib : gpio.obj (.text:GPIOPadConfigSet)
                  00000596    00000002     --HOLE-- [fill = 0]
                  00000598    00000110                   : sysctl.obj (.text:SysCtlClockGet)
                  000006a8    000000f4                   : sysctl.obj (.text:SysCtlClockSet)
                  0000079c    0000009c     rtsv7M4_T_le_v4SPD16_eabi.lib : memcpy_t2.obj (.text)
                  00000838    0000007a                                   : memset_t2.obj (.text)
                  000008b2    00000002     --HOLE-- [fill = 0]
                  000008b4    0000006c                                   : autoinit.obj (.text)
                  00000920    0000006a                                   : copy_decompress_rle.obj (.text)
                  0000098a    00000002     --HOLE-- [fill = 0]
                  0000098c    00000068     driverlib.lib : interrupt.obj (.text:IntEnable)
                  000009f4    00000060                   : timer.obj (.text:TimerConfigure)
                  00000a54    00000050     rtsv7M4_T_le_v4SPD16_eabi.lib : boot.obj (.text)
                  00000aa4    0000004c                                   : cpy_tbl.obj (.text)
                  00000af0    00000044                                   : exit.obj (.text)
                  00000b34    00000034     driverlib.lib : sysctl.obj (.text:SysCtlPeripheralEnable)
                  00000b68    0000002a                   : gpio.obj (.text:GPIODirModeSet)
                  00000b92    00000018                   : gpio.obj (.text:GPIOPinTypeGPIOOutput)
                  00000baa    00000002     --HOLE-- [fill = 0]
                  00000bac    00000018     rtsv7M4_T_le_v4SPD16_eabi.lib : args_main.obj (.text)
                  00000bc4    00000014                                   : _lock.obj (.text)
                  00000bd8    00000012     driverlib.lib : gpio.obj (.text:GPIOPinTypeGPIOInput)
                  00000bea    00000012                   : timer.obj (.text:TimerLoadSet)
                  00000bfc    00000010                   : interrupt.obj (.text:IntMasterEnable)
                  00000c0c    0000000e                   : timer.obj (.text:TimerEnable)
                  00000c1a    0000000e     rtsv7M4_T_le_v4SPD16_eabi.lib : copy_decompress_none.obj (.text:decompress:none)
                  00000c28    0000000c     driverlib.lib : cpu.obj (.text:CPUcpsie)
                  00000c34    0000000c     tm4c123gh6pm_startup_ccs.obj (.text)
                  00000c40    00000008     driverlib.lib : timer.obj (.text:TimerIntEnable)
                  00000c48    00000006                   : gpio.obj (.text:GPIOPinRead)
                  00000c4e    00000006                   : gpio.obj (.text:GPIOPinWrite)
                  00000c54    00000006                   : sysctl.obj (.text:SysCtlDelay)
                  00000c5a    00000006     rtsv7M4_T_le_v4SPD16_eabi.lib : copy_decompress_rle.obj (.text:decompress:rle24)
                  00000c60    00000004     driverlib.lib : timer.obj (.text:TimerIntClear)
                  00000c64    00000004     rtsv7M4_T_le_v4SPD16_eabi.lib : pre_init.obj (.text)

.const     0    00000c68    000000dc     
                  00000c68    00000070     driverlib.lib : interrupt.obj (.const)
                  00000cd8    0000006c                   : sysctl.obj (.const:g_pui32Xtals)

.cinit     0    00000d48    00000028     
                  00000d48    00000016     (.cinit..data.load) [load image, compression = rle]
                  00000d5e    00000002     --HOLE-- [fill = 0]
                  00000d60    00000008     (__TI_handler_table)
                  00000d68    00000008     (__TI_cinit_table)

.init_array 
*          0    00000000    00000000     UNINITIALIZED

.stack     0    20000000    00000200     UNINITIALIZED
                  20000000    00000200     --HOLE--

.data      0    20000200    00000028     UNINITIALIZED
                  20000200    00000014     lab-0.obj (.data)
                  20000214    00000008     rtsv7M4_T_le_v4SPD16_eabi.lib : _lock.obj (.data)
                  2000021c    00000008                                   : exit.obj (.data)
                  20000224    00000004                                   : stkdepth_vars.obj (.data)

.TI.persistent 
*          0    20000200    00000000     UNINITIALIZED


LINKER GENERATED COPY TABLES

__TI_cinit_table @ 00000d68 records: 1, size/record: 8, table size: 8
	.data: load addr=00000d48, load size=00000016 bytes, run addr=20000200, run size=00000028 bytes, compression=rle


LINKER GENERATED HANDLER TABLE

__TI_handler_table @ 00000d60 records: 2, size/record: 4, table size: 8
	index: 0, handler: __TI_decompress_rle24
	index: 1, handler: __TI_decompress_none


GLOBAL SYMBOLS: SORTED ALPHABETICALLY BY Name 

address   name                    
-------   ----                    
00000af1  C$$EXIT                 
00000c29  CPUcpsie                
00000b69  GPIODirModeSet          
00000465  GPIOPadConfigSet        
00000c49  GPIOPinRead             
00000bd9  GPIOPinTypeGPIOInput    
00000b93  GPIOPinTypeGPIOOutput   
00000c4f  GPIOPinWrite            
0000098d  IntEnable               
00000bfd  IntMasterEnable         
00000c35  ResetISR                
UNDEFED   SHT$$INIT_ARRAY$$Base   
UNDEFED   SHT$$INIT_ARRAY$$Limit  
00000599  SysCtlClockGet          
000006a9  SysCtlClockSet          
00000c55  SysCtlDelay             
00000b35  SysCtlPeripheralEnable  
00000323  Timer0IntHandler        
000009f5  TimerConfigure          
00000c0d  TimerEnable             
00000c61  TimerIntClear           
00000c41  TimerIntEnable          
00000beb  TimerLoadSet            
20000200  __STACK_END             
00000200  __STACK_SIZE            
20000200  __STACK_TOP             
00000d68  __TI_CINIT_Base         
00000d70  __TI_CINIT_Limit        
00000d60  __TI_Handler_Table_Base 
00000d68  __TI_Handler_Table_Limit
000008b5  __TI_auto_init          
2000021c  __TI_cleanup_ptr        
00000c1b  __TI_decompress_none    
00000c5b  __TI_decompress_rle24   
20000220  __TI_dtors_ptr          
00000000  __TI_static_base__      
00000839  __aeabi_memclr          
00000839  __aeabi_memclr4         
00000839  __aeabi_memclr8         
0000079d  __aeabi_memcpy          
0000079d  __aeabi_memcpy4         
0000079d  __aeabi_memcpy8         
0000083b  __aeabi_memset          
0000083b  __aeabi_memset4         
0000083b  __aeabi_memset8         
ffffffff  __binit__               
ffffffff  __c_args__              
20000000  __stack                 
00000bad  _args_main              
00000a55  _c_int00                
20000214  _lock                   
00000bd3  _nop                    
00000bcb  _register_lock          
00000bc5  _register_unlock        
00000c65  _system_pre_init        
20000218  _unlock                 
00000af5  abort                   
ffffffff  binit                   
00000aa5  copy_in                 
2000020c  count                   
00000afd  exit                    
00000000  g_pfnVectors            
20000208  lastlight               
20000204  light                   
000002b9  main                    
20000224  main_func_sp            
0000079d  memcpy                  
00000841  memset                  
20000200  state1                  
20000210  state2                  
0000026d  switchPinConfig         


GLOBAL SYMBOLS: SORTED BY Symbol Address 

address   name                    
-------   ----                    
00000000  __TI_static_base__      
00000000  g_pfnVectors            
00000200  __STACK_SIZE            
0000026d  switchPinConfig         
000002b9  main                    
00000323  Timer0IntHandler        
00000465  GPIOPadConfigSet        
00000599  SysCtlClockGet          
000006a9  SysCtlClockSet          
0000079d  __aeabi_memcpy          
0000079d  __aeabi_memcpy4         
0000079d  __aeabi_memcpy8         
0000079d  memcpy                  
00000839  __aeabi_memclr          
00000839  __aeabi_memclr4         
00000839  __aeabi_memclr8         
0000083b  __aeabi_memset          
0000083b  __aeabi_memset4         
0000083b  __aeabi_memset8         
00000841  memset                  
000008b5  __TI_auto_init          
0000098d  IntEnable               
000009f5  TimerConfigure          
00000a55  _c_int00                
00000aa5  copy_in                 
00000af1  C$$EXIT                 
00000af5  abort                   
00000afd  exit                    
00000b35  SysCtlPeripheralEnable  
00000b69  GPIODirModeSet          
00000b93  GPIOPinTypeGPIOOutput   
00000bad  _args_main              
00000bc5  _register_unlock        
00000bcb  _register_lock          
00000bd3  _nop                    
00000bd9  GPIOPinTypeGPIOInput    
00000beb  TimerLoadSet            
00000bfd  IntMasterEnable         
00000c0d  TimerEnable             
00000c1b  __TI_decompress_none    
00000c29  CPUcpsie                
00000c35  ResetISR                
00000c41  TimerIntEnable          
00000c49  GPIOPinRead             
00000c4f  GPIOPinWrite            
00000c55  SysCtlDelay             
00000c5b  __TI_decompress_rle24   
00000c61  TimerIntClear           
00000c65  _system_pre_init        
00000d60  __TI_Handler_Table_Base 
00000d68  __TI_CINIT_Base         
00000d68  __TI_Handler_Table_Limit
00000d70  __TI_CINIT_Limit        
20000000  __stack                 
20000200  __STACK_END             
20000200  __STACK_TOP             
20000200  state1                  
20000204  light                   
20000208  lastlight               
2000020c  count                   
20000210  state2                  
20000214  _lock                   
20000218  _unlock                 
2000021c  __TI_cleanup_ptr        
20000220  __TI_dtors_ptr          
20000224  main_func_sp            
ffffffff  __binit__               
ffffffff  __c_args__              
ffffffff  binit                   
UNDEFED   SHT$$INIT_ARRAY$$Base   
UNDEFED   SHT$$INIT_ARRAY$$Limit  

[71 symbols]
